Archive member included because of file (symbol)

../../lib/ksdk_platform_lib/kds/KL17Z644/debug/libksdk_platform.a(fsl_lpuart_hal.o)
                              ./utilities/fsl_debug_console.o (LPUART_HAL_SetBaudRate)
../../lib/ksdk_platform_lib/kds/KL17Z644/debug/libksdk_platform.a(fsl_interrupt_manager.o)
                              ./utilities/RingBuf.o (INT_SYS_EnableIRQGlobal)
../../lib/ksdk_platform_lib/kds/KL17Z644/debug/libksdk_platform.a(fsl_clock_MKL17Z644.o)
                              ./utilities/fsl_debug_console.o (CLOCK_SYS_GetBusClockFreq)
../../lib/ksdk_platform_lib/kds/KL17Z644/debug/libksdk_platform.a(fsl_clock_manager.o)
                              ../../lib/ksdk_platform_lib/kds/KL17Z644/debug/libksdk_platform.a(fsl_clock_MKL17Z644.o) (CLOCK_SYS_GetSystickFreq)
../../lib/ksdk_platform_lib/kds/KL17Z644/debug/libksdk_platform.a(fsl_clock_manager_common.o)
                              ../../lib/ksdk_platform_lib/kds/KL17Z644/debug/libksdk_platform.a(fsl_clock_MKL17Z644.o) (g_oscBase)
../../lib/ksdk_platform_lib/kds/KL17Z644/debug/libksdk_platform.a(fsl_os_abstraction_bm.o)
                              ../../lib/ksdk_platform_lib/kds/KL17Z644/debug/libksdk_platform.a(fsl_clock_manager.o) (OSA_EnterCritical)
../../lib/ksdk_platform_lib/kds/KL17Z644/debug/libksdk_platform.a(fsl_sim_hal_MKL17Z644.o)
                              ../../lib/ksdk_platform_lib/kds/KL17Z644/debug/libksdk_platform.a(fsl_clock_MKL17Z644.o) (CLOCK_HAL_SetOutDiv)
../../lib/ksdk_platform_lib/kds/KL17Z644/debug/libksdk_platform.a(fsl_osc_hal.o)
                              ../../lib/ksdk_platform_lib/kds/KL17Z644/debug/libksdk_platform.a(fsl_clock_manager.o) (OSC_HAL_SetCapacitor)
../../lib/ksdk_platform_lib/kds/KL17Z644/debug/libksdk_platform.a(fsl_mcglite_hal.o)
                              ../../lib/ksdk_platform_lib/kds/KL17Z644/debug/libksdk_platform.a(fsl_clock_MKL17Z644.o) (g_xtal0ClkFreq)
../../lib/ksdk_platform_lib/kds/KL17Z644/debug/libksdk_platform.a(fsl_mcglite_hal_modes.o)
                              ../../lib/ksdk_platform_lib/kds/KL17Z644/debug/libksdk_platform.a(fsl_clock_manager.o) (CLOCK_HAL_SetHircMode)
../../lib/ksdk_platform_lib/kds/KL17Z644/debug/libksdk_platform.a(fsl_lptmr_hal.o)
                              ../../lib/ksdk_platform_lib/kds/KL17Z644/debug/libksdk_platform.a(fsl_os_abstraction_bm.o) (LPTMR_HAL_SetTimerWorkingMode)
c:/freescale/kds_v3/toolchain/bin/../lib/gcc/arm-none-eabi/4.8.4/../../../../arm-none-eabi/lib/armv6-m\libg_s.a(lib_a-assert.o)
                              ../../lib/ksdk_platform_lib/kds/KL17Z644/debug/libksdk_platform.a(fsl_interrupt_manager.o) (__assert_func)
c:/freescale/kds_v3/toolchain/bin/../lib/gcc/arm-none-eabi/4.8.4/../../../../arm-none-eabi/lib/armv6-m\libg_s.a(lib_a-calloc.o)
                              ../../lib/ksdk_platform_lib/kds/KL17Z644/debug/libksdk_platform.a(fsl_os_abstraction_bm.o) (calloc)
c:/freescale/kds_v3/toolchain/bin/../lib/gcc/arm-none-eabi/4.8.4/../../../../arm-none-eabi/lib/armv6-m\libg_s.a(lib_a-exit.o)
                              c:/freescale/kds_v3/toolchain/bin/../lib/gcc/arm-none-eabi/4.8.4/../../../../arm-none-eabi/lib/armv6-m/crt0.o (exit)
c:/freescale/kds_v3/toolchain/bin/../lib/gcc/arm-none-eabi/4.8.4/../../../../arm-none-eabi/lib/armv6-m\libg_s.a(lib_a-fprintf.o)
                              c:/freescale/kds_v3/toolchain/bin/../lib/gcc/arm-none-eabi/4.8.4/../../../../arm-none-eabi/lib/armv6-m\libg_s.a(lib_a-assert.o) (fiprintf)
c:/freescale/kds_v3/toolchain/bin/../lib/gcc/arm-none-eabi/4.8.4/../../../../arm-none-eabi/lib/armv6-m\libg_s.a(lib_a-impure.o)
                              c:/freescale/kds_v3/toolchain/bin/../lib/gcc/arm-none-eabi/4.8.4/../../../../arm-none-eabi/lib/armv6-m\libg_s.a(lib_a-exit.o) (_global_impure_ptr)
c:/freescale/kds_v3/toolchain/bin/../lib/gcc/arm-none-eabi/4.8.4/../../../../arm-none-eabi/lib/armv6-m\libg_s.a(lib_a-init.o)
                              c:/freescale/kds_v3/toolchain/bin/../lib/gcc/arm-none-eabi/4.8.4/../../../../arm-none-eabi/lib/armv6-m/crt0.o (__libc_init_array)
c:/freescale/kds_v3/toolchain/bin/../lib/gcc/arm-none-eabi/4.8.4/../../../../arm-none-eabi/lib/armv6-m\libg_s.a(lib_a-malloc.o)
                              ../../lib/ksdk_platform_lib/kds/KL17Z644/debug/libksdk_platform.a(fsl_os_abstraction_bm.o) (malloc)
c:/freescale/kds_v3/toolchain/bin/../lib/gcc/arm-none-eabi/4.8.4/../../../../arm-none-eabi/lib/armv6-m\libg_s.a(lib_a-memset.o)
                              c:/freescale/kds_v3/toolchain/bin/../lib/gcc/arm-none-eabi/4.8.4/../../../../arm-none-eabi/lib/armv6-m/crt0.o (memset)
c:/freescale/kds_v3/toolchain/bin/../lib/gcc/arm-none-eabi/4.8.4/../../../../arm-none-eabi/lib/armv6-m\libg_s.a(lib_a-nano-callocr.o)
                              c:/freescale/kds_v3/toolchain/bin/../lib/gcc/arm-none-eabi/4.8.4/../../../../arm-none-eabi/lib/armv6-m\libg_s.a(lib_a-calloc.o) (_calloc_r)
[...]
Memory Configuration

Name             Origin             Length             Attributes
m_interrupts     0x00000000         0x00000100         xr
m_flash_config   0x00000400         0x00000010         xr
m_text           0x00000410         0x00007bf0         xr
m_data           0x1ffff800         0x00002000         rw
*default*        0x00000000         0xffffffff

Linker script and memory map

LOAD c:/freescale/kds_v3/toolchain/bin/../lib/gcc/arm-none-eabi/4.8.4/armv6-m/crti.o
LOAD c:/freescale/kds_v3/toolchain/bin/../lib/gcc/arm-none-eabi/4.8.4/armv6-m/crtbegin.o
LOAD c:/freescale/kds_v3/toolchain/bin/../lib/gcc/arm-none-eabi/4.8.4/../../../../arm-none-eabi/lib/armv6-m/crt0.o
START GROUP
LOAD ./utilities/RingBuf.o
LOAD ./utilities/fsl_debug_console.o
LOAD ./utilities/print_scan.o
LOAD ./startup/startup.o
LOAD ./startup/startup_MKL17Z644.o
LOAD ./startup/system_MKL17Z644.o
LOAD ./sources/main.o
LOAD ../../lib/ksdk_platform_lib/kds/KL17Z644/debug/libksdk_platform.a
LOAD c:/freescale/kds_v3/toolchain/bin/../lib/gcc/arm-none-eabi/4.8.4/../../../../arm-none-eabi/lib/armv6-m\libm.a
LOAD c:/freescale/kds_v3/toolchain/bin/../lib/gcc/arm-none-eabi/4.8.4/../../../../arm-none-eabi/lib/armv6-m\libg_s.a
LOAD c:/freescale/kds_v3/toolchain/bin/../lib/gcc/arm-none-eabi/4.8.4/armv6-m\libgcc.a
LOAD c:/freescale/kds_v3/toolchain/bin/../lib/gcc/arm-none-eabi/4.8.4/../../../../arm-none-eabi/lib/armv6-m\libnosys.a
END GROUP
START GROUP
LOAD c:/freescale/kds_v3/toolchain/bin/../lib/gcc/arm-none-eabi/4.8.4/armv6-m\libgcc.a
LOAD c:/freescale/kds_v3/toolchain/bin/../lib/gcc/arm-none-eabi/4.8.4/../../../../arm-none-eabi/lib/armv6-m\libg_s.a
LOAD c:/freescale/kds_v3/toolchain/bin/../lib/gcc/arm-none-eabi/4.8.4/../../../../arm-none-eabi/lib/armv6-m\libc_s.a
END GROUP
START GROUP
LOAD c:/freescale/kds_v3/toolchain/bin/../lib/gcc/arm-none-eabi/4.8.4/armv6-m\libgcc.a
LOAD c:/freescale/kds_v3/toolchain/bin/../lib/gcc/arm-none-eabi/4.8.4/../../../../arm-none-eabi/lib/armv6-m\libc_s.a
END GROUP
LOAD c:/freescale/kds_v3/toolchain/bin/../lib/gcc/arm-none-eabi/4.8.4/armv6-m/crtend.o
LOAD c:/freescale/kds_v3/toolchain/bin/../lib/gcc/arm-none-eabi/4.8.4/armv6-m/crtn.o
                0x00000200                HEAP_SIZE = DEFINED (__heap_size__)?__heap_size__:0x200
                0x00000100                STACK_SIZE = DEFINED (__stack_size__)?__stack_size__:0x100
                0x00000000                M_VECTOR_RAM_SIZE = DEFINED (__ram_vector_table__)?0x100:0x0

.interrupts     0x00000000       0xc0
                0x00000000                __VECTOR_TABLE = .
                0x00000000                . = ALIGN (0x4)
 *(.isr_vector)
 .isr_vector    0x00000000       0xc0 ./startup/startup_MKL17Z644.o
                0x00000000                __isr_vector
                0x000000c0                . = ALIGN (0x4)

.flash_config   0x00000400       0x10
                0x00000400                . = ALIGN (0x4)
 *(.FlashConfig)
 .FlashConfig   0x00000400       0x10 ./startup/startup_MKL17Z644.o
                0x00000410                . = ALIGN (0x4)

.text           0x00000410      0x28c
                0x00000410                . = ALIGN (0x4)
 *(.text)
 .text          0x00000410       0x60 c:/freescale/kds_v3/toolchain/bin/../lib/gcc/arm-none-eabi/4.8.4/armv6-m/crtbegin.o
 .text          0x00000470       0x78 c:/freescale/kds_v3/toolchain/bin/../lib/gcc/arm-none-eabi/4.8.4/../../../../arm-none-eabi/lib/armv6-m/crt0.o
                0x00000470                _start
                0x00000470                _mainCRTStartup
 .text          0x000004e8       0x18 ./startup/startup_MKL17Z644.o
                0x000004e8                Reset_Handler
                0x000004f8                HardFault_Handler
                0x000004f8                SysTick_Handler
                0x000004f8                PendSV_Handler
                0x000004f8                NMI_Handler
                0x000004f8                I2C1_IRQHandler
                0x000004f8                DMA2_IRQHandler
                0x000004f8                TPM0_IRQHandler
                0x000004f8                LLWU_IRQHandler
                0x000004f8                Reserved42_IRQHandler
                0x000004f8                ADC0_IRQHandler
                0x000004f8                Reserved39_IRQHandler
                0x000004f8                PORTBCDE_IRQHandler
                0x000004f8                SPI1_IRQHandler
                0x000004f8                DefaultISR
                0x000004f8                TPM2_IRQHandler
                0x000004f8                Reserved43_IRQHandler
                0x000004f8                RTC_IRQHandler
                0x000004f8                I2C0_IRQHandler
                0x000004f8                RTC_Seconds_IRQHandler
                0x000004f8                Reserved20_IRQHandler
                0x000004f8                Reserved41_IRQHandler
                0x000004f8                PIT_IRQHandler
                0x000004f8                SVC_Handler
                0x000004f8                DMA3_IRQHandler
                0x000004f8                DMA0_IRQHandler
                0x000004f8                LPUART0_IRQHandler
                0x000004f8                Reserved45_IRQHandler
                0x000004f8                LPUART1_IRQHandler
                0x000004f8                PMC_IRQHandler
                0x000004f8                TPM1_IRQHandler
                0x000004f8                SPI0_IRQHandler
                0x000004f8                PORTA_IRQHandler
                0x000004f8                FTFA_IRQHandler
                0x000004f8                Reserved40_IRQHandler
                0x000004f8                LPTMR0_IRQHandler
                0x000004f8                UART2_FLEXIO_IRQHandler
                0x000004f8                CMP0_IRQHandler
                0x000004f8                DMA1_IRQHandler
 *(.text*)
 .text.init_data_bss
                0x00000500       0x7c ./startup/startup.o
                0x00000500                init_data_bss
 .text.SystemInit
                0x0000057c       0x10 ./startup/system_MKL17Z644.o
                0x0000057c                SystemInit
 .text.startup.main
                0x0000058c        0x4 ./sources/main.o
                0x0000058c                main
 .text.exit     0x00000590       0x2c c:/freescale/kds_v3/toolchain/bin/../lib/gcc/arm-none-eabi/4.8.4/../../../../arm-none-eabi/lib/armv6-m\libg_s.a(lib_a-exit.o)
                0x00000590                exit
 .text.__libc_init_array
                0x000005bc       0x4c c:/freescale/kds_v3/toolchain/bin/../lib/gcc/arm-none-eabi/4.8.4/../../../../arm-none-eabi/lib/armv6-m\libg_s.a(lib_a-init.o)
                0x000005bc                __libc_init_array
 .text.memset   0x00000608       0x10 c:/freescale/kds_v3/toolchain/bin/../lib/gcc/arm-none-eabi/4.8.4/../../../../arm-none-eabi/lib/armv6-m\libg_s.a(lib_a-memset.o)
                0x00000608                memset
 .text._exit    0x00000618        0x4 c:/freescale/kds_v3/toolchain/bin/../lib/gcc/arm-none-eabi/4.8.4/../../../../arm-none-eabi/lib/armv6-m\libnosys.a(_exit.o)
                0x00000618                _exit
 *(.rodata)
 *(.rodata*)
 .rodata.str1.1
                0x0000061c        0x2 c:/freescale/kds_v3/toolchain/bin/../lib/gcc/arm-none-eabi/4.8.4/../../../../arm-none-eabi/lib/armv6-m\libg_s.a(lib_a-impure.o)
 *fill*         0x0000061e        0x2 
 .rodata._global_impure_ptr
                0x00000620        0x4 c:/freescale/kds_v3/toolchain/bin/../lib/gcc/arm-none-eabi/4.8.4/../../../../arm-none-eabi/lib/armv6-m\libg_s.a(lib_a-impure.o)
                0x00000620                _global_impure_ptr
 .rodata.__sf_fake_stdin
                0x00000624       0x20 c:/freescale/kds_v3/toolchain/bin/../lib/gcc/arm-none-eabi/4.8.4/../../../../arm-none-eabi/lib/armv6-m\libg_s.a(lib_a-findfp.o)
                0x00000624                __sf_fake_stdin
 .rodata.__sf_fake_stdout
                0x00000644       0x20 c:/freescale/kds_v3/toolchain/bin/../lib/gcc/arm-none-eabi/4.8.4/../../../../arm-none-eabi/lib/armv6-m\libg_s.a(lib_a-findfp.o)
                0x00000644                __sf_fake_stdout
 .rodata.__sf_fake_stderr
                0x00000664       0x20 c:/freescale/kds_v3/toolchain/bin/../lib/gcc/arm-none-eabi/4.8.4/../../../../arm-none-eabi/lib/armv6-m\libg_s.a(lib_a-findfp.o)
                0x00000664                __sf_fake_stderr
 *(.glue_7)
 .glue_7        0x00000000        0x0 linker stubs
 *(.glue_7t)
 .glue_7t       0x00000000        0x0 linker stubs
 *(.eh_frame)
 .eh_frame      0x00000684        0x0 c:/freescale/kds_v3/toolchain/bin/../lib/gcc/arm-none-eabi/4.8.4/armv6-m/crtbegin.o
 *(.init)
 .init          0x00000684        0x4 c:/freescale/kds_v3/toolchain/bin/../lib/gcc/arm-none-eabi/4.8.4/armv6-m/crti.o
                0x00000684                _init
 .init          0x00000688        0x8 c:/freescale/kds_v3/toolchain/bin/../lib/gcc/arm-none-eabi/4.8.4/armv6-m/crtn.o
 *(.fini)
 .fini          0x00000690        0x4 c:/freescale/kds_v3/toolchain/bin/../lib/gcc/arm-none-eabi/4.8.4/armv6-m/crti.o
                0x00000690                _fini
 .fini          0x00000694        0x8 c:/freescale/kds_v3/toolchain/bin/../lib/gcc/arm-none-eabi/4.8.4/armv6-m/crtn.o
                0x0000069c                . = ALIGN (0x4)

.vfp11_veneer   0x0000069c        0x0
 .vfp11_veneer  0x00000000        0x0 linker stubs

.v4_bx          0x0000069c        0x0
 .v4_bx         0x00000000        0x0 linker stubs

.iplt           0x0000069c        0x0
 .iplt          0x00000000        0x0 c:/freescale/kds_v3/toolchain/bin/../lib/gcc/arm-none-eabi/4.8.4/armv6-m/crtbegin.o

.ARM.extab
 *(.ARM.extab* .gnu.linkonce.armextab.*)

.ARM            0x0000069c        0x8
                0x0000069c                __exidx_start = .
 *(.ARM.exidx*)
 .ARM.exidx     0x0000069c        0x8 c:/freescale/kds_v3/toolchain/bin/../lib/gcc/arm-none-eabi/4.8.4/../../../../arm-none-eabi/lib/armv6-m/crt0.o
                0x000006a4                __exidx_end = .

.rel.dyn        0x000006a4        0x0
 .rel.iplt      0x00000000        0x0 c:/freescale/kds_v3/toolchain/bin/../lib/gcc/arm-none-eabi/4.8.4/armv6-m/crtbegin.o

.ctors          0x000006a4        0x0
                0x000006a4                __CTOR_LIST__ = .
 *crtbegin.o(.ctors)
 *crtbegin?.o(.ctors)
 *(EXCLUDE_FILE(*crtend.o *crtend?.o) .ctors)
 *(SORT(.ctors.*))
 *(.ctors)
                0x000006a4                __CTOR_END__ = .

.dtors          0x000006a4        0x0
                0x000006a4                __DTOR_LIST__ = .
 *crtbegin.o(.dtors)
 *crtbegin?.o(.dtors)
 *(EXCLUDE_FILE(*crtend.o *crtend?.o) .dtors)
 *(SORT(.dtors.*))
 *(.dtors)
                0x000006a4                __DTOR_END__ = .

.preinit_array  0x000006a4        0x0
                0x000006a4                PROVIDE (__preinit_array_start, .)
 *(.preinit_array*)
                0x000006a4                PROVIDE (__preinit_array_end, .)

.init_array     0x000006a4        0x4
                0x000006a4                PROVIDE (__init_array_start, .)
 *(SORT(.init_array.*))
 *(.init_array*)
 .init_array    0x000006a4        0x4 c:/freescale/kds_v3/toolchain/bin/../lib/gcc/arm-none-eabi/4.8.4/armv6-m/crtbegin.o
                0x000006a8                PROVIDE (__init_array_end, .)

.fini_array     0x000006a8        0x4
                0x000006a8                PROVIDE (__fini_array_start, .)
 *(SORT(.fini_array.*))
 *(.fini_array*)
 .fini_array    0x000006a8        0x4 c:/freescale/kds_v3/toolchain/bin/../lib/gcc/arm-none-eabi/4.8.4/armv6-m/crtbegin.o
                0x000006ac                PROVIDE (__fini_array_end, .)
                0x000006ac                __etext = .
                0x000006ac                __DATA_ROM = .

.mtb            0x1ffff800        0x0
                0x1ffff800                . = ALIGN (0x8)
                0x1ffff800                _mtb_start = .
 *(.mtb_buf)
                0x1ffff800                . = ALIGN (0x8)
                0x1ffff800                _mtb_end = .

.interrupts_ram
                0x1ffff800        0x0
                0x1ffff800                . = ALIGN (0x4)
                0x1ffff800                __VECTOR_RAM__ = .
                0x1ffff800                __interrupts_ram_start__ = .
 *(.m_interrupts_ram)
                0x1ffff800                . = (. + M_VECTOR_RAM_SIZE)
                0x1ffff800                . = ALIGN (0x4)
                0x1ffff800                __interrupts_ram_end__ = .
                0x00000000                __VECTOR_RAM = DEFINED (__ram_vector_table__)?__VECTOR_RAM__:ORIGIN (m_interrupts)
                0x00000000                __RAM_VECTOR_TABLE_SIZE_BYTES = DEFINED (__ram_vector_table__)?(__interrupts_ram_end__ - __interrupts_ram_start__):0x0

.data           0x1ffff800       0x64 load address 0x000006ac
                0x1ffff800                . = ALIGN (0x4)
                0x1ffff800                __DATA_RAM = .
                0x1ffff800                __data_start__ = .
 *(.data)
 *(.data*)
 .data.impure_data
                0x1ffff800       0x60 c:/freescale/kds_v3/toolchain/bin/../lib/gcc/arm-none-eabi/4.8.4/../../../../arm-none-eabi/lib/armv6-m\libg_s.a(lib_a-impure.o)
 *(.jcr*)
 .jcr           0x1ffff860        0x0 c:/freescale/kds_v3/toolchain/bin/../lib/gcc/arm-none-eabi/4.8.4/armv6-m/crtbegin.o
 .jcr           0x1ffff860        0x4 c:/freescale/kds_v3/toolchain/bin/../lib/gcc/arm-none-eabi/4.8.4/armv6-m/crtend.o
                0x1ffff864                . = ALIGN (0x4)
                0x1ffff864                __data_end__ = .
                0x00000710                __DATA_END = (__DATA_ROM + (__data_end__ - __data_start__))
                0x00008000                text_end = (ORIGIN (m_text) + 0x7bf0)
                0x00000001                ASSERT ((__DATA_END <= text_end), region m_text overflowed with text and data)

.igot.plt       0x1ffff864        0x0 load address 0x00000710
 .igot.plt      0x00000000        0x0 c:/freescale/kds_v3/toolchain/bin/../lib/gcc/arm-none-eabi/4.8.4/armv6-m/crtbegin.o

.bss            0x1ffff864       0x1c load address 0x00000710
                0x1ffff864                . = ALIGN (0x4)
                0x1ffff864                __START_BSS = .
                0x1ffff864                __bss_start__ = .
 *(.bss)
 .bss           0x1ffff864       0x1c c:/freescale/kds_v3/toolchain/bin/../lib/gcc/arm-none-eabi/4.8.4/armv6-m/crtbegin.o
 *(.bss*)
 *(COMMON)
                0x1ffff880                . = ALIGN (0x4)
                0x1ffff880                __bss_end__ = .
                0x1ffff880                __END_BSS = .

.heap           0x1ffff880      0x200 load address 0x0000072c
                0x1ffff880                . = ALIGN (0x8)
                0x1ffff880                __end__ = .
                0x1ffff880                PROVIDE (end, .)
                0x1ffff880                __HeapBase = .
                0x1ffffa80                . = (. + HEAP_SIZE)
 *fill*         0x1ffff880      0x200 
                0x1ffffa80                __HeapLimit = .

.stack          0x1ffffa80      0x100 load address 0x0000092c
                0x1ffffa80                . = ALIGN (0x8)
                0x1ffffb80                . = (. + STACK_SIZE)
 *fill*         0x1ffffa80      0x100 
                0x20001800                __StackTop = (ORIGIN (m_data) + 0x2000)
                0x20001700                __StackLimit = (__StackTop - STACK_SIZE)
                0x20001800                PROVIDE (__stack, __StackTop)

.ARM.attributes
                0x00000000       0x28
 *(.ARM.attributes)
 .ARM.attributes
                0x00000000       0x1e c:/freescale/kds_v3/toolchain/bin/../lib/gcc/arm-none-eabi/4.8.4/armv6-m/crti.o
 .ARM.attributes
                0x0000001e       0x2c c:/freescale/kds_v3/toolchain/bin/../lib/gcc/arm-none-eabi/4.8.4/armv6-m/crtbegin.o
 .ARM.attributes
                0x0000004a       0x1b c:/freescale/kds_v3/toolchain/bin/../lib/gcc/arm-none-eabi/4.8.4/../../../../arm-none-eabi/lib/armv6-m/crt0.o
 .ARM.attributes
                0x00000065       0x32 ./startup/startup.o
 .ARM.attributes
                0x00000097       0x1b ./startup/startup_MKL17Z644.o
 .ARM.attributes
                0x000000b2       0x32 ./startup/system_MKL17Z644.o
 .ARM.attributes
                0x000000e4       0x32 ./sources/main.o
 .ARM.attributes
                0x00000116       0x2c c:/freescale/kds_v3/toolchain/bin/../lib/gcc/arm-none-eabi/4.8.4/../../../../arm-none-eabi/lib/armv6-m\libg_s.a(lib_a-exit.o)
 .ARM.attributes
                0x00000142       0x2c c:/freescale/kds_v3/toolchain/bin/../lib/gcc/arm-none-eabi/4.8.4/../../../../arm-none-eabi/lib/armv6-m\libg_s.a(lib_a-impure.o)
 .ARM.attributes
                0x0000016e       0x2c c:/freescale/kds_v3/toolchain/bin/../lib/gcc/arm-none-eabi/4.8.4/../../../../arm-none-eabi/lib/armv6-m\libg_s.a(lib_a-init.o)
 .ARM.attributes
                0x0000019a       0x2c c:/freescale/kds_v3/toolchain/bin/../lib/gcc/arm-none-eabi/4.8.4/../../../../arm-none-eabi/lib/armv6-m\libg_s.a(lib_a-memset.o)
 .ARM.attributes
                0x000001c6       0x2c c:/freescale/kds_v3/toolchain/bin/../lib/gcc/arm-none-eabi/4.8.4/../../../../arm-none-eabi/lib/armv6-m\libg_s.a(lib_a-findfp.o)
 .ARM.attributes
                0x000001f2       0x2c c:/freescale/kds_v3/toolchain/bin/../lib/gcc/arm-none-eabi/4.8.4/../../../../arm-none-eabi/lib/armv6-m\libnosys.a(_exit.o)
 .ARM.attributes
                0x0000021e       0x2c c:/freescale/kds_v3/toolchain/bin/../lib/gcc/arm-none-eabi/4.8.4/armv6-m/crtend.o
 .ARM.attributes
                0x0000024a       0x1e c:/freescale/kds_v3/toolchain/bin/../lib/gcc/arm-none-eabi/4.8.4/armv6-m/crtn.o
                0x00000001                ASSERT ((__StackLimit >= __HeapLimit), region m_data overflowed with stack and heap)
OUTPUT(shuncom_project_MKL17Z32VFM4.elf elf32-littlearm)

.debug_info     0x00000000      0x8b3
 .debug_info    0x00000000      0x277 ./startup/startup.o
 .debug_info    0x00000277       0xc1 ./startup/startup_MKL17Z644.o
 .debug_info    0x00000338      0x36b ./startup/system_MKL17Z644.o
 .debug_info    0x000006a3      0x210 ./sources/main.o

.debug_abbrev   0x00000000      0x2e2
 .debug_abbrev  0x00000000       0xf3 ./startup/startup.o
 .debug_abbrev  0x000000f3       0x14 ./startup/startup_MKL17Z644.o
 .debug_abbrev  0x00000107      0x113 ./startup/system_MKL17Z644.o
 .debug_abbrev  0x0000021a       0xc8 ./sources/main.o

.debug_loc      0x00000000       0xf3
 .debug_loc     0x00000000       0xd5 ./startup/startup.o
 .debug_loc     0x000000d5       0x1e ./startup/system_MKL17Z644.o

.debug_aranges  0x00000000       0x88
 .debug_aranges
                0x00000000       0x20 ./startup/startup.o
 .debug_aranges
                0x00000020       0x20 ./startup/startup_MKL17Z644.o
 .debug_aranges
                0x00000040       0x28 ./startup/system_MKL17Z644.o
 .debug_aranges
                0x00000068       0x20 ./sources/main.o

.debug_ranges   0x00000000       0x38
 .debug_ranges  0x00000000       0x10 ./startup/startup.o
 .debug_ranges  0x00000010       0x18 ./startup/system_MKL17Z644.o
 .debug_ranges  0x00000028       0x10 ./sources/main.o

.debug_line     0x00000000      0x48b
 .debug_line    0x00000000      0x12e ./startup/startup.o
 .debug_line    0x0000012e       0x9e ./startup/startup_MKL17Z644.o
 .debug_line    0x000001cc      0x13c ./startup/system_MKL17Z644.o
 .debug_line    0x00000308      0x183 ./sources/main.o

.debug_str      0x00000000      0x4d3
 .debug_str     0x00000000      0x2c5 ./startup/startup.o
                                0x2fe (size before relaxing)
 .debug_str     0x000002c5      0x184 ./startup/system_MKL17Z644.o
                                0x346 (size before relaxing)
 .debug_str     0x00000449       0x8a ./sources/main.o
                                0x24c (size before relaxing)

.comment        0x00000000       0x70
 .comment       0x00000000       0x70 ./startup/startup.o
                                 0x71 (size before relaxing)
 .comment       0x00000000       0x71 ./startup/system_MKL17Z644.o
 .comment       0x00000000       0x71 ./sources/main.o

.debug_frame    0x00000000      0x260
 .debug_frame   0x00000000       0x2c ./startup/startup.o
 .debug_frame   0x0000002c       0x38 ./startup/system_MKL17Z644.o
 .debug_frame   0x00000064       0x20 ./sources/main.o
 .debug_frame   0x00000084       0x28 c:/freescale/kds_v3/toolchain/bin/../lib/gcc/arm-none-eabi/4.8.4/../../../../arm-none-eabi/lib/armv6-m\libg_s.a(lib_a-exit.o)
 .debug_frame   0x000000ac       0x2c c:/freescale/kds_v3/toolchain/bin/../lib/gcc/arm-none-eabi/4.8.4/../../../../arm-none-eabi/lib/armv6-m\libg_s.a(lib_a-init.o)
 .debug_frame   0x000000d8       0x20 c:/freescale/kds_v3/toolchain/bin/../lib/gcc/arm-none-eabi/4.8.4/../../../../arm-none-eabi/lib/armv6-m\libg_s.a(lib_a-memset.o)
 .debug_frame   0x000000f8      0x148 c:/freescale/kds_v3/toolchain/bin/../lib/gcc/arm-none-eabi/4.8.4/../../../../arm-none-eabi/lib/armv6-m\libg_s.a(lib_a-findfp.o)
 .debug_frame   0x00000240       0x20 c:/freescale/kds_v3/toolchain/bin/../lib/gcc/arm-none-eabi/4.8.4/../../../../arm-none-eabi/lib/armv6-m\libnosys.a(_exit.o)

.stabstr        0x00000000      0x14f
 .stabstr       0x00000000      0x14f c:/freescale/kds_v3/toolchain/bin/../lib/gcc/arm-none-eabi/4.8.4/../../../../arm-none-eabi/lib/armv6-m\libnosys.a(close.o)
