Archive member included because of file (symbol)

../../lib/ksdk_platform_lib/kds/KL17Z644/release/libksdk_platform.a(fsl_uart_hal.o)
                              ./utilities/fsl_debug_console.o (UART_HAL_SetBaudRate)
../../lib/ksdk_platform_lib/kds/KL17Z644/release/libksdk_platform.a(fsl_uart_driver.o)
                              ./board/uart-board.o (UART_DRV_Init)
../../lib/ksdk_platform_lib/kds/KL17Z644/release/libksdk_platform.a(fsl_spi_master_driver.o)
                              ./board/spi-board.o (SPI_DRV_MasterInit)
../../lib/ksdk_platform_lib/kds/KL17Z644/release/libksdk_platform.a(fsl_spi_common.o)
                              ../../lib/ksdk_platform_lib/kds/KL17Z644/release/libksdk_platform.a(fsl_spi_master_driver.o) (g_spiIrqId)
../../lib/ksdk_platform_lib/kds/KL17Z644/release/libksdk_platform.a(fsl_rcm_hal.o)
                              ./board/board.o (RCM_HAL_GetSrcStatus)
../../lib/ksdk_platform_lib/kds/KL17Z644/release/libksdk_platform.a(fsl_lpuart_hal.o)
                              ./utilities/fsl_debug_console.o (LPUART_HAL_SetBaudRate)
../../lib/ksdk_platform_lib/kds/KL17Z644/release/libksdk_platform.a(fsl_lpuart_driver.o)
                              ./board/uart-board.o (LPUART_DRV_Init)
../../lib/ksdk_platform_lib/kds/KL17Z644/release/libksdk_platform.a(fsl_lptmr_driver.o)
                              ./board/rtc-board.o (LPTMR_DRV_Init)
../../lib/ksdk_platform_lib/kds/KL17Z644/release/libksdk_platform.a(fsl_interrupt_manager.o)
                              ./utilities/RingBuf.o (INT_SYS_EnableIRQGlobal)
../../lib/ksdk_platform_lib/kds/KL17Z644/release/libksdk_platform.a(fsl_gpio_common.o)
                              ./board/gpio-board.o (g_portIrqId)
../../lib/ksdk_platform_lib/kds/KL17Z644/release/libksdk_platform.a(fsl_gpio_driver.o)
                              ./board/gpio-board.o (GPIO_DRV_InputPinInit)
../../lib/ksdk_platform_lib/kds/KL17Z644/release/libksdk_platform.a(FlashCommandSequence.o)
                              ./board/flash-board.o (FlashCommandSequence)
../../lib/ksdk_platform_lib/kds/KL17Z644/release/libksdk_platform.a(FlashEraseSector.o)
                              ./board/flash-board.o (FlashEraseSector)
../../lib/ksdk_platform_lib/kds/KL17Z644/release/libksdk_platform.a(FlashInit.o)
                              ./board/flash-board.o (FlashInit)
../../lib/ksdk_platform_lib/kds/KL17Z644/release/libksdk_platform.a(FlashProgram.o)
                              ./board/flash-board.o (FlashProgram)
../../lib/ksdk_platform_lib/kds/KL17Z644/release/libksdk_platform.a(fsl_cop_driver.o)
                              ./board/board.o (COP_DRV_Init)
../../lib/ksdk_platform_lib/kds/KL17Z644/release/libksdk_platform.a(fsl_clock_MKL17Z644.o)
                              ./board/board.o (CLOCK_SYS_SetSimConfigration)
../../lib/ksdk_platform_lib/kds/KL17Z644/release/libksdk_platform.a(fsl_clock_manager.o)
                              ../../lib/ksdk_platform_lib/kds/KL17Z644/release/libksdk_platform.a(fsl_clock_MKL17Z644.o) (CLOCK_SYS_GetSystickFreq)
../../lib/ksdk_platform_lib/kds/KL17Z644/release/libksdk_platform.a(fsl_clock_manager_common.o)
                              ../../lib/ksdk_platform_lib/kds/KL17Z644/release/libksdk_platform.a(fsl_clock_MKL17Z644.o) (g_oscBase)
../../lib/ksdk_platform_lib/kds/KL17Z644/release/libksdk_platform.a(fsl_os_abstraction_bm.o)
                              ../../lib/ksdk_platform_lib/kds/KL17Z644/release/libksdk_platform.a(fsl_spi_master_driver.o) (OSA_SemaCreate)
../../lib/ksdk_platform_lib/kds/KL17Z644/release/libksdk_platform.a(fsl_uart_common.o)
                              ../../lib/ksdk_platform_lib/kds/KL17Z644/release/libksdk_platform.a(fsl_uart_driver.o) (g_uartRxTxIrqId)
../../lib/ksdk_platform_lib/kds/KL17Z644/release/libksdk_platform.a(fsl_spi_hal.o)
                              ../../lib/ksdk_platform_lib/kds/KL17Z644/release/libksdk_platform.a(fsl_spi_master_driver.o) (SPI_HAL_Init)
../../lib/ksdk_platform_lib/kds/KL17Z644/release/libksdk_platform.a(fsl_sim_hal_MKL17Z644.o)
                              ../../lib/ksdk_platform_lib/kds/KL17Z644/release/libksdk_platform.a(fsl_clock_MKL17Z644.o) (CLOCK_HAL_SetOutDiv)
../../lib/ksdk_platform_lib/kds/KL17Z644/release/libksdk_platform.a(fsl_osc_hal.o)
                              ../../lib/ksdk_platform_lib/kds/KL17Z644/release/libksdk_platform.a(fsl_clock_manager.o) (OSC_HAL_SetCapacitor)
../../lib/ksdk_platform_lib/kds/KL17Z644/release/libksdk_platform.a(fsl_mcglite_hal.o)
                              ../../lib/ksdk_platform_lib/kds/KL17Z644/release/libksdk_platform.a(fsl_clock_MKL17Z644.o) (CLOCK_HAL_GetInternalRefClk)
../../lib/ksdk_platform_lib/kds/KL17Z644/release/libksdk_platform.a(fsl_mcglite_hal_modes.o)
                              ../../lib/ksdk_platform_lib/kds/KL17Z644/release/libksdk_platform.a(fsl_clock_manager.o) (CLOCK_HAL_SetHircMode)
../../lib/ksdk_platform_lib/kds/KL17Z644/release/libksdk_platform.a(fsl_lpuart_common.o)
[...]
Memory Configuration

Name             Origin             Length             Attributes
m_interrupts     0x00000000         0x00000100         xr
m_flash_config   0x00000400         0x00000010         xr
m_text           0x00000410         0x00007bf0         xr
m_data           0x1ffff800         0x00002000         rw
*default*        0x00000000         0xffffffff

Linker script and memory map

LOAD c:/freescale/kds_v3/toolchain/bin/../lib/gcc/arm-none-eabi/4.8.4/armv6-m/crti.o
LOAD c:/freescale/kds_v3/toolchain/bin/../lib/gcc/arm-none-eabi/4.8.4/armv6-m/crtbegin.o
LOAD c:/freescale/kds_v3/toolchain/bin/../lib/gcc/arm-none-eabi/4.8.4/../../../../arm-none-eabi/lib/armv6-m/crt0.o
START GROUP
LOAD ./utilities/RingBuf.o
LOAD ./utilities/fsl_debug_console.o
LOAD ./utilities/print_scan.o
LOAD ./system/crypto/aes.o
LOAD ./system/crypto/cmac.o
LOAD ./system/ZGlobals.o
LOAD ./system/adc.o
LOAD ./system/delay.o
LOAD ./system/eeprom.o
LOAD ./system/fifo.o
LOAD ./system/gpio.o
LOAD ./system/i2c.o
LOAD ./system/timer.o
LOAD ./system/uart.o
LOAD ./startup/startup.o
LOAD ./startup/startup_MKL17Z644.o
LOAD ./startup/system_MKL17Z644.o
LOAD ./sources/main.o
LOAD ./osal/osal.o
LOAD ./osal/osal_nv.o
LOAD ./hal/hal_drivers.o
LOAD ./board/board.o
LOAD ./board/delay-board.o
LOAD ./board/flash-board.o
LOAD ./board/gpio-board.o
LOAD ./board/rtc-board.o
LOAD ./board/spi-board.o
LOAD ./board/uart-board.o
LOAD ./board/utilities.o
LOAD ./CRC/CRC.o
LOAD ./ATProcessingFunc/AT_ProcessFunc.o
LOAD ./ATProcessingFunc/szconfig.o
LOAD ./fsl_irq.o
LOAD ./osal_transparent.o
LOAD ./transparent.o
LOAD ../../lib/ksdk_platform_lib/kds/KL17Z644/release/libksdk_platform.a
LOAD c:/freescale/kds_v3/toolchain/bin/../lib/gcc/arm-none-eabi/4.8.4/../../../../arm-none-eabi/lib/armv6-m\libm.a
LOAD c:/freescale/kds_v3/toolchain/bin/../lib/gcc/arm-none-eabi/4.8.4/../../../../arm-none-eabi/lib/armv6-m\libg_s.a
LOAD c:/freescale/kds_v3/toolchain/bin/../lib/gcc/arm-none-eabi/4.8.4/armv6-m\libgcc.a
LOAD c:/freescale/kds_v3/toolchain/bin/../lib/gcc/arm-none-eabi/4.8.4/../../../../arm-none-eabi/lib/armv6-m\libnosys.a
END GROUP
START GROUP
LOAD c:/freescale/kds_v3/toolchain/bin/../lib/gcc/arm-none-eabi/4.8.4/armv6-m\libgcc.a
LOAD c:/freescale/kds_v3/toolchain/bin/../lib/gcc/arm-none-eabi/4.8.4/../../../../arm-none-eabi/lib/armv6-m\libc_s.a
END GROUP
START GROUP
LOAD c:/freescale/kds_v3/toolchain/bin/../lib/gcc/arm-none-eabi/4.8.4/armv6-m\libgcc.a
LOAD c:/freescale/kds_v3/toolchain/bin/../lib/gcc/arm-none-eabi/4.8.4/../../../../arm-none-eabi/lib/armv6-m\libc_s.a
END GROUP
LOAD c:/freescale/kds_v3/toolchain/bin/../lib/gcc/arm-none-eabi/4.8.4/armv6-m/crtend.o
LOAD c:/freescale/kds_v3/toolchain/bin/../lib/gcc/arm-none-eabi/4.8.4/armv6-m/crtn.o
                0x00000200                HEAP_SIZE = DEFINED (__heap_size__)?__heap_size__:0x200
                0x00000100                STACK_SIZE = DEFINED (__stack_size__)?__stack_size__:0x100
                0x00000000                M_VECTOR_RAM_SIZE = DEFINED (__ram_vector_table__)?0x100:0x0

.interrupts     0x00000000       0xc0
                0x00000000                __VECTOR_TABLE = .
                0x00000000                . = ALIGN (0x4)
 *(.isr_vector)
 .isr_vector    0x00000000       0xc0 ./startup/startup_MKL17Z644.o
                0x00000000                __isr_vector
                0x000000c0                . = ALIGN (0x4)

.flash_config   0x00000400       0x10
                0x00000400                . = ALIGN (0x4)
 *(.FlashConfig)
 .FlashConfig   0x00000400       0x10 ./startup/startup_MKL17Z644.o
                0x00000410                . = ALIGN (0x4)

.text           0x00000410     0x6ad4
                0x00000410                . = ALIGN (0x4)
 *(.text)
 .text          0x00000410       0x60 c:/freescale/kds_v3/toolchain/bin/../lib/gcc/arm-none-eabi/4.8.4/armv6-m/crtbegin.o
 .text          0x00000470       0x78 c:/freescale/kds_v3/toolchain/bin/../lib/gcc/arm-none-eabi/4.8.4/../../../../arm-none-eabi/lib/armv6-m/crt0.o
                0x00000470                _start
                0x00000470                _mainCRTStartup
 .text          0x000004e8       0x18 ./startup/startup_MKL17Z644.o
                0x000004e8                Reset_Handler
                0x000004f8                HardFault_Handler
                0x000004f8                SysTick_Handler
                0x000004f8                PendSV_Handler
                0x000004f8                NMI_Handler
                0x000004f8                I2C1_IRQHandler
                0x000004f8                DMA2_IRQHandler
                0x000004f8                TPM0_IRQHandler
                0x000004f8                LLWU_IRQHandler
                0x000004f8                Reserved42_IRQHandler
                0x000004f8                ADC0_IRQHandler
                0x000004f8                Reserved39_IRQHandler
                0x000004f8                PORTBCDE_IRQHandler
                0x000004f8                DefaultISR
                0x000004f8                TPM2_IRQHandler
                0x000004f8                Reserved43_IRQHandler
                0x000004f8                RTC_IRQHandler
                0x000004f8                I2C0_IRQHandler
                0x000004f8                RTC_Seconds_IRQHandler
                0x000004f8                Reserved20_IRQHandler
                0x000004f8                Reserved41_IRQHandler
                0x000004f8                PIT_IRQHandler
                0x000004f8                SVC_Handler
                0x000004f8                DMA3_IRQHandler
                0x000004f8                DMA0_IRQHandler
                0x000004f8                Reserved45_IRQHandler
                0x000004f8                PMC_IRQHandler
                0x000004f8                TPM1_IRQHandler
                0x000004f8                FTFA_IRQHandler
                0x000004f8                Reserved40_IRQHandler
                0x000004f8                CMP0_IRQHandler
                0x000004f8                DMA1_IRQHandler
 .text          0x00000500       0x14 c:/freescale/kds_v3/toolchain/bin/../lib/gcc/arm-none-eabi/4.8.4/armv6-m\libgcc.a(_thumb1_case_uqi.o)
                0x00000500                __gnu_thumb1_case_uqi
 .text          0x00000514       0x14 c:/freescale/kds_v3/toolchain/bin/../lib/gcc/arm-none-eabi/4.8.4/armv6-m\libgcc.a(_thumb1_case_uhi.o)
                0x00000514                __gnu_thumb1_case_uhi
 .text          0x00000528       0x9c c:/freescale/kds_v3/toolchain/bin/../lib/gcc/arm-none-eabi/4.8.4/armv6-m\libgcc.a(_udivsi3.o)
                0x00000528                __aeabi_uidiv
                0x00000528                __udivsi3
                0x000005b0                __aeabi_uidivmod
 .text          0x000005c4       0xc0 c:/freescale/kds_v3/toolchain/bin/../lib/gcc/arm-none-eabi/4.8.4/armv6-m\libgcc.a(_divsi3.o)
                0x000005c4                __divsi3
                0x000005c4                __aeabi_idiv
                0x00000670                __aeabi_idivmod
 .text          0x00000684        0x4 c:/freescale/kds_v3/toolchain/bin/../lib/gcc/arm-none-eabi/4.8.4/armv6-m\libgcc.a(_dvmd_tls.o)
                0x00000684                __aeabi_idiv0
                0x00000684                __aeabi_ldiv0
 .text          0x00000688       0x40 c:/freescale/kds_v3/toolchain/bin/../lib/gcc/arm-none-eabi/4.8.4/armv6-m\libgcc.a(_aeabi_uldivmod.o)
                0x00000688                __aeabi_uldivmod
 .text          0x000006c8       0x44 c:/freescale/kds_v3/toolchain/bin/../lib/gcc/arm-none-eabi/4.8.4/armv6-m\libgcc.a(_muldi3.o)
                0x000006c8                __muldi3
                0x000006c8                __aeabi_lmul
 .text          0x0000070c       0x6c c:/freescale/kds_v3/toolchain/bin/../lib/gcc/arm-none-eabi/4.8.4/armv6-m\libgcc.a(bpabi.o)
                0x0000070c                __gnu_ldivmod_helper
                0x00000744                __gnu_uldivmod_helper
 .text          0x00000778      0x3b8 c:/freescale/kds_v3/toolchain/bin/../lib/gcc/arm-none-eabi/4.8.4/armv6-m\libgcc.a(_divdi3.o)
                0x00000778                __divdi3
 .text          0x00000b30      0x384 c:/freescale/kds_v3/toolchain/bin/../lib/gcc/arm-none-eabi/4.8.4/armv6-m\libgcc.a(_udivdi3.o)
                0x00000b30                __udivdi3
 .text          0x00000eb4       0x3c c:/freescale/kds_v3/toolchain/bin/../lib/gcc/arm-none-eabi/4.8.4/armv6-m\libgcc.a(_clzsi2.o)
                0x00000eb4                __clzsi2
 *(.text*)
 .text.RingBuf_construct
                0x00000ef0       0x12 ./utilities/RingBuf.o
                0x00000ef0                RingBuf_construct
 .text.RingBuf_get
                0x00000f02       0x3c ./utilities/RingBuf.o
                0x00000f02                RingBuf_get
 .text.RingBuf_getCount
                0x00000f3e        0x4 ./utilities/RingBuf.o
                0x00000f3e                RingBuf_getCount
 .text.RingBuf_peek
                0x00000f42       0x1c ./utilities/RingBuf.o
                0x00000f42                RingBuf_peek
 .text.RingBuf_put
                0x00000f5e       0x42 ./utilities/RingBuf.o
                0x00000f5e                RingBuf_put
 .text.zgInitItems
                0x00000fa0       0x54 ./system/ZGlobals.o
                0x00000fa0                zgInitItems
 .text.zgInit   0x00000ff4        0xc ./system/ZGlobals.o
                0x00000ff4                zgInit
 .text.DelayMs  0x00001000        0x8 ./system/delay.o
                0x00001000                DelayMs
 .text.GpioInit
                0x00001008       0x12 ./system/gpio.o
                0x00001008                GpioInit
 .text.GpioWrite
                0x0000101a        0x8 ./system/gpio.o
                0x0000101a                GpioWrite
 .text.GpioToggle
                0x00001022        0x8 ./system/gpio.o
                0x00001022                GpioToggle
 *fill*         0x0000102a        0x2 
 .text.TimerSetTimeout.isra.0
                0x0000102c       0x2c ./system/timer.o
 .text.TimerInsertNewHeadTimer
                0x00001058       0x28 ./system/timer.o
 .text.TimerInit
                0x00001080        0xe ./system/timer.o
                0x00001080                TimerInit
 *fill*         0x0000108e        0x2 
 .text.TimerStart
                0x00001090       0x9c ./system/timer.o
                0x00001090                TimerStart
 .text.TimerIrqHandler
                0x0000112c       0x5c ./system/timer.o
                0x0000112c                TimerIrqHandler
 .text.TimerStop
                0x00001188       0x8c ./system/timer.o
                0x00001188                TimerStop
 .text.TimerSetValue
                0x00001214       0x10 ./system/timer.o
                0x00001214                TimerSetValue
 .text.UartInit
                0x00001224        0x8 ./system/uart.o
                0x00001224                UartInit
 .text.UartConfig
                0x0000122c       0x14 ./system/uart.o
                0x0000122c                UartConfig
 .text.UartPutBuffer
                0x00001240        0x8 ./system/uart.o
                0x00001240                UartPutBuffer
 .text.UartGetBuffer
                0x00001248        0x8 ./system/uart.o
                0x00001248                UartGetBuffer
 .text.Uart2Init
                0x00001250        0x8 ./system/uart.o
                0x00001250                Uart2Init
 .text.Uart2Config
                0x00001258       0x14 ./system/uart.o
                0x00001258                Uart2Config
 .text.Uart2PutBuffer
                0x0000126c        0x8 ./system/uart.o
                0x0000126c                Uart2PutBuffer
 .text.Uart2GetBuffer
                0x00001274        0x8 ./system/uart.o
                0x00001274                Uart2GetBuffer
 .text.init_data_bss
                0x0000127c       0x7c ./startup/startup.o
                0x0000127c                init_data_bss
 .text.SystemInit
                0x000012f8        0x2 ./startup/system_MKL17Z644.o
                0x000012f8                SystemInit
 .text.startup.main
                0x000012fa       0x20 ./sources/main.o
                0x000012fa                main
 *fill*         0x0000131a        0x2 
 .text.osal_set_event
                0x0000131c       0x34 ./osal/osal.o
                0x0000131c                osal_set_event
 .text.osal_init_system
                0x00001350        0xa ./osal/osal.o
                0x00001350                osal_init_system
 *fill*         0x0000135a        0x2 
 .text.osal_run_system
                0x0000135c       0x74 ./osal/osal.o
                0x0000135c                osal_run_system
 .text.osal_start_system
                0x000013d0        0x8 ./osal/osal.o
                0x000013d0                osal_start_system
 .text.calcChkF
                0x000013d8       0x4a ./osal/osal_nv.o
 .text.writeWord
                0x00001422        0xa ./osal/osal_nv.o
 .text.setItem  0x0000142c       0x5c ./osal/osal_nv.o
 .text.initPage
                0x00001488      0x118 ./osal/osal_nv.o
 .text.findItem
                0x000015a0       0x48 ./osal/osal_nv.o
 .text.xferBuf  0x000015e8       0xdc ./osal/osal_nv.o
 .text.writeBuf
                0x000016c4       0xaa ./osal/osal_nv.o
 *fill*         0x0000176e        0x2 
 .text.erasePage
                0x00001770       0x24 ./osal/osal_nv.o
 .text.setPageUse.constprop.2
                0x00001794       0x12 ./osal/osal_nv.o
 .text.setChk   0x000017a6       0x36 ./osal/osal_nv.o
 .text.writeItem
                0x000017dc      0x148 ./osal/osal_nv.o
 .text.compactPage
                0x00001924      0x184 ./osal/osal_nv.o
 .text.initItem
                0x00001aa8      0x118 ./osal/osal_nv.o
 .text.osal_nv_init
                0x00001bc0       0xe4 ./osal/osal_nv.o
                0x00001bc0                osal_nv_init
 .text.osal_nv_item_init
                0x00001ca4       0x28 ./osal/osal_nv.o
                0x00001ca4                osal_nv_item_init
 .text.osal_nv_write
                0x00001ccc      0x1c4 ./osal/osal_nv.o
                0x00001ccc                osal_nv_write
 .text.osal_nv_read
                0x00001e90       0x2c ./osal/osal_nv.o
                0x00001e90                osal_nv_read
 .text.hal_init
                0x00001ebc        0xc ./hal/hal_drivers.o
                0x00001ebc                hal_init
 .text.hal_processEvent
                0x00001ec8       0x22 ./hal/hal_drivers.o
                0x00001ec8                hal_processEvent
 .text.BOARD_InitOsc0
                0x00001eea       0x24 ./board/board.o
                0x00001eea                BOARD_InitOsc0
 .text.BoardDisableIrq
                0x00001f0e        0x8 ./board/board.o
                0x00001f0e                BoardDisableIrq
 .text.BoardEnableIrq
                0x00001f16        0x8 ./board/board.o
                0x00001f16                BoardEnableIrq
 *fill*         0x00001f1e        0x2 
 .text.BoardClockInit
                0x00001f20       0x6c ./board/board.o
                0x00001f20                BoardClockInit
 .text.BoardInitMcu
                0x00001f8c        0x8 ./board/board.o
                0x00001f8c                BoardInitMcu
 .text.BoardInitMcuLPUART
                0x00001f94       0x34 ./board/board.o
                0x00001f94                BoardInitMcuLPUART
 .text.BoardInitGpio
                0x00001fc8      0x108 ./board/board.o
                0x00001fc8                BoardInitGpio
 .text.WodInit  0x000020d0       0x2c ./board/board.o
                0x000020d0                WodInit
 .text.Wod_Refresh
                0x000020fc        0xa ./board/board.o
                0x000020fc                Wod_Refresh
 *fill*         0x00002106        0x2 
 .text.delayMSMcu
                0x00002108       0x1c ./board/delay-board.o
                0x00002108                delayMSMcu
 .text.BOARD_flashInit
                0x00002124       0x24 ./board/flash-board.o
                0x00002124                BOARD_flashInit
 .text.BOARD_flashRead
                0x00002148       0x2c ./board/flash-board.o
                0x00002148                BOARD_flashRead
 .text.BOARD_flashWrite
                0x00002174       0x28 ./board/flash-board.o
                0x00002174                BOARD_flashWrite
 .text.BOARD_flashErase
                0x0000219c       0x24 ./board/flash-board.o
                0x0000219c                BOARD_flashErase
 .text.GpioMcuInit
                0x000021c0       0x74 ./board/gpio-board.o
                0x000021c0                GpioMcuInit
 .text.GpioMcuWrite
                0x00002234       0x1a ./board/gpio-board.o
                0x00002234                GpioMcuWrite
 .text.GpioMcuToggle
                0x0000224e       0x1a ./board/gpio-board.o
                0x0000224e                GpioMcuToggle
 .text.szPort_eventLoop
                0x00002268       0x14 ./board/gpio-board.o
                0x00002268                szPort_eventLoop
 .text.PORTA_IRQHandler
                0x0000227c       0x34 ./board/gpio-board.o
                0x0000227c                PORTA_IRQHandler
 .text.lptmr_isr_callback
                0x000022b0       0x7c ./board/rtc-board.o
                0x000022b0                lptmr_isr_callback
 .text.RtcInit  0x0000232c       0x4c ./board/rtc-board.o
                0x0000232c                RtcInit
 .text.RtcAdjustSystemTime
                0x00002378       0x64 ./board/rtc-board.o
                0x00002378                RtcAdjustSystemTime
 .text.RtcGetAdjustedTimeoutValue
                0x000023dc        0x2 ./board/rtc-board.o
                0x000023dc                RtcGetAdjustedTimeoutValue
 *fill*         0x000023de        0x2 
 .text.RtcGetTimerValue
                0x000023e0       0x60 ./board/rtc-board.o
                0x000023e0                RtcGetTimerValue
 .text.RtcSetTimeout
                0x00002440       0x48 ./board/rtc-board.o
                0x00002440                RtcSetTimeout
 .text.RtcGetElapsedAlarmTime
                0x00002488       0x20 ./board/rtc-board.o
                0x00002488                RtcGetElapsedAlarmTime
 .text.uart_rx_callback
                0x000024a8       0x18 ./board/uart-board.o
 .text.uart2_rx_callback
                0x000024c0       0x18 ./board/uart-board.o
 .text.OnUartBoardRxTimerEvent
                0x000024d8       0x24 ./board/uart-board.o
 .text.OnUart2BoardRxTimerEvent
                0x000024fc       0x24 ./board/uart-board.o
 .text.UartMcuInit
                0x00002520       0x20 ./board/uart-board.o
                0x00002520                UartMcuInit
 .text.UartMcuConfig
                0x00002540       0x8c ./board/uart-board.o
                0x00002540                UartMcuConfig
 .text.UartMcuPutBuffer
                0x000025cc        0xc ./board/uart-board.o
                0x000025cc                UartMcuPutBuffer
 .text.UartMcuGetBuffer
                0x000025d8       0x5c ./board/uart-board.o
                0x000025d8                UartMcuGetBuffer
 .text.Uart2McuInit
                0x00002634       0x24 ./board/uart-board.o
                0x00002634                Uart2McuInit
 .text.Uart2McuConfig
                0x00002658       0x98 ./board/uart-board.o
                0x00002658                Uart2McuConfig
 .text.Uart2McuPutBuffer
                0x000026f0       0x12 ./board/uart-board.o
                0x000026f0                Uart2McuPutBuffer
 *fill*         0x00002702        0x2 
 .text.Uart2McuGetBuffer
                0x00002704       0x5c ./board/uart-board.o
                0x00002704                Uart2McuGetBuffer
 .text.CRC16Calc
                0x00002760       0x30 ./CRC/CRC.o
                0x00002760                CRC16Calc
 .text.SendATCmd
                0x00002790       0x34 ./ATProcessingFunc/AT_ProcessFunc.o
                0x00002790                SendATCmd
 .text.AT_CMD_LoopMainEvent
                0x000027c4      0x174 ./ATProcessingFunc/AT_ProcessFunc.o
                0x000027c4                AT_CMD_LoopMainEvent
 .text.hexTostr
                0x00002938       0x40 ./ATProcessingFunc/AT_ProcessFunc.o
                0x00002938                hexTostr
 .text.Take_IMEI_fromAT
                0x00002978       0x44 ./ATProcessingFunc/AT_ProcessFunc.o
                0x00002978                Take_IMEI_fromAT
 .text.Take_IMSI_fromAT
                0x000029bc       0x24 ./ATProcessingFunc/AT_ProcessFunc.o
                0x000029bc                Take_IMSI_fromAT
 .text.TakeMSG_fromAT
                0x000029e0       0xd8 ./ATProcessingFunc/AT_ProcessFunc.o
                0x000029e0                TakeMSG_fromAT
 .text.Take_Nuestats_fromAT
                0x00002ab8      0x1cc ./ATProcessingFunc/AT_ProcessFunc.o
                0x00002ab8                Take_Nuestats_fromAT
 .text.CCLKData_with_CRC
                0x00002c84       0x60 ./ATProcessingFunc/AT_ProcessFunc.o
                0x00002c84                CCLKData_with_CRC
 .text.Take_CCLK_fromAT
                0x00002ce4       0x74 ./ATProcessingFunc/AT_ProcessFunc.o
                0x00002ce4                Take_CCLK_fromAT
 .text.Data_Set_AT
                0x00002d58       0xbc ./ATProcessingFunc/AT_ProcessFunc.o
                0x00002d58                Data_Set_AT
 .text.ATCommandJudgeFunc
                0x00002e14      0x12c ./ATProcessingFunc/AT_ProcessFunc.o
                0x00002e14                ATCommandJudgeFunc
 .text.AT_CMD_LoopAnalyseRecvMsg
                0x00002f40      0x2fc ./ATProcessingFunc/AT_ProcessFunc.o
                0x00002f40                AT_CMD_LoopAnalyseRecvMsg
 .text.ClearUserSetBufferTail
                0x0000323c       0x1e ./ATProcessingFunc/szconfig.o
                0x0000323c                ClearUserSetBufferTail
 .text.StringSearch
                0x0000325a       0x66 ./ATProcessingFunc/szconfig.o
                0x0000325a                StringSearch
 .text.uart_Senddata
                0x000032c0       0x1a ./ATProcessingFunc/szconfig.o
                0x000032c0                uart_Senddata
 *fill*         0x000032da        0x2 
 .text.WelcomeConfigDisp
                0x000032dc       0x24 ./ATProcessingFunc/szconfig.o
 .text.FlashWrite
                0x00003300        0xa ./ATProcessingFunc/szconfig.o
                0x00003300                FlashWrite
 *fill*         0x0000330a        0x2 
 .text.Cfg_hisr_auto
                0x0000330c       0x20 ./ATProcessingFunc/szconfig.o
                0x0000330c                Cfg_hisr_auto
 .text.quit_config
                0x0000332c       0x34 ./ATProcessingFunc/szconfig.o
                0x0000332c                quit_config
 .text.oa_app_config_entry
                0x00003360      0x678 ./ATProcessingFunc/szconfig.o
                0x00003360                oa_app_config_entry
 .text.StartUpQuitCfg
                0x000039d8       0x74 ./ATProcessingFunc/szconfig.o
                0x000039d8                StartUpQuitCfg
 .text.UpdataSysConfigParaPro
                0x00003a4c      0x2d8 ./ATProcessingFunc/szconfig.o
                0x00003a4c                UpdataSysConfigParaPro
 .text.Search_Flag_info
                0x00003d24       0x34 ./ATProcessingFunc/szconfig.o
                0x00003d24                Search_Flag_info
 .text.UartRecvConfig
                0x00003d58       0xa8 ./ATProcessingFunc/szconfig.o
                0x00003d58                UartRecvConfig
 .text.LPTMR0_IRQHandler
                0x00003e00        0xa ./fsl_irq.o
                0x00003e00                LPTMR0_IRQHandler
 .text.SPI0_IRQHandler
                0x00003e0a        0x2 ./fsl_irq.o
                0x00003e0a                SPI0_IRQHandler
 .text.SPI1_IRQHandler
                0x00003e0c        0x2 ./fsl_irq.o
                0x00003e0c                SPI1_IRQHandler
 .text.UART2_FLEXIO_IRQHandler
                0x00003e0e        0xa ./fsl_irq.o
                0x00003e0e                UART2_FLEXIO_IRQHandler
 .text.LPUART0_IRQHandler
                0x00003e18        0xa ./fsl_irq.o
                0x00003e18                LPUART0_IRQHandler
 .text.LPUART1_IRQHandler
                0x00003e22        0xa ./fsl_irq.o
                0x00003e22                LPUART1_IRQHandler
 .text.osalInitTasks
                0x00003e2c       0x20 ./osal_transparent.o
                0x00003e2c                osalInitTasks
 .text.Next_CMD_EVENT
                0x00003e4c       0x48 ./transparent.o
                0x00003e4c                Next_CMD_EVENT
 .text.App_UartRecvTimeOutEvent
                0x00003e94       0x1c ./transparent.o
 .text.Heart_Beat_EVENT
                0x00003eb0       0x58 ./transparent.o
                0x00003eb0                Heart_Beat_EVENT
 .text.Inquire_Device_EVENT
                0x00003f08       0x8c ./transparent.o
                0x00003f08                Inquire_Device_EVENT
 .text.CCLK_Beat_EVENT
                0x00003f94       0x50 ./transparent.o
                0x00003f94                CCLK_Beat_EVENT
 .text.OnAppLedimerEvent
                0x00003fe4       0x5c ./transparent.o
                0x00003fe4                OnAppLedimerEvent
 .text.OnAppNextCFGEvent
                0x00004040       0x20 ./transparent.o
                0x00004040                OnAppNextCFGEvent
 .text.OnAppWdgTimerEvent
                0x00004060       0x20 ./transparent.o
 .text.App_LpUartRxGetMsg
                0x00004080      0x204 ./transparent.o
                0x00004080                App_LpUartRxGetMsg
 .text.App_UartRxGetMsg
                0x00004284       0xc0 ./transparent.o
                0x00004284                App_UartRxGetMsg
 .text.UserUartInit
                0x00004344       0x64 ./transparent.o
                0x00004344                UserUartInit
 .text.OnAppWaitingCFGEvent
                0x000043a8       0x34 ./transparent.o
                0x000043a8                OnAppWaitingCFGEvent
 .text.transparent_Init
                0x000043dc      0x1ac ./transparent.o
                0x000043dc                transparent_Init
 .text.transparent_event_loop
                0x00004588       0x54 ./transparent.o
                0x00004588                transparent_event_loop
 .text.UART_HAL_Init
                0x000045dc       0x18 ../../lib/ksdk_platform_lib/kds/KL17Z644/release/libksdk_platform.a(fsl_uart_hal.o)
                0x000045dc                UART_HAL_Init
 .text.UART_HAL_SetBaudRate
                0x000045f4       0x50 ../../lib/ksdk_platform_lib/kds/KL17Z644/release/libksdk_platform.a(fsl_uart_hal.o)
                0x000045f4                UART_HAL_SetBaudRate
 .text.UART_HAL_SetParityMode
                0x00004644       0x1e ../../lib/ksdk_platform_lib/kds/KL17Z644/release/libksdk_platform.a(fsl_uart_hal.o)
                0x00004644                UART_HAL_SetParityMode
 .text.UART_HAL_Putchar_NonBlocking
                0x00004662       0x12 ../../lib/ksdk_platform_lib/kds/KL17Z644/release/libksdk_platform.a(fsl_uart_hal.o)
                0x00004662                UART_HAL_Putchar_NonBlocking
 .text.UART_HAL_Getchar_NonBlocking
                0x00004674       0x12 ../../lib/ksdk_platform_lib/kds/KL17Z644/release/libksdk_platform.a(fsl_uart_hal.o)
                0x00004674                UART_HAL_Getchar_NonBlocking
 .text.UART_HAL_SetIntMode
                0x00004686       0x38 ../../lib/ksdk_platform_lib/kds/KL17Z644/release/libksdk_platform.a(fsl_uart_hal.o)
                0x00004686                UART_HAL_SetIntMode
 .text.UART_HAL_GetStatusFlag
                0x000046be       0x28 ../../lib/ksdk_platform_lib/kds/KL17Z644/release/libksdk_platform.a(fsl_uart_hal.o)
                0x000046be                UART_HAL_GetStatusFlag
 .text.UART_HAL_ClearStatusFlag
                0x000046e6       0x2a ../../lib/ksdk_platform_lib/kds/KL17Z644/release/libksdk_platform.a(fsl_uart_hal.o)
                0x000046e6                UART_HAL_ClearStatusFlag
 .text.UART_DRV_Init
                0x00004710       0xa0 ../../lib/ksdk_platform_lib/kds/KL17Z644/release/libksdk_platform.a(fsl_uart_driver.o)
                0x00004710                UART_DRV_Init
 .text.UART_DRV_Deinit
                0x000047b0       0x70 ../../lib/ksdk_platform_lib/kds/KL17Z644/release/libksdk_platform.a(fsl_uart_driver.o)
                0x000047b0                UART_DRV_Deinit
 .text.UART_DRV_InstallRxCallback
                0x00004820       0x24 ../../lib/ksdk_platform_lib/kds/KL17Z644/release/libksdk_platform.a(fsl_uart_driver.o)
                0x00004820                UART_DRV_InstallRxCallback
 .text.UART_DRV_InstallTxCallback
                0x00004844       0x24 ../../lib/ksdk_platform_lib/kds/KL17Z644/release/libksdk_platform.a(fsl_uart_driver.o)
                0x00004844                UART_DRV_InstallTxCallback
 .text.UART_DRV_StartSendData
                0x00004868       0x3c ../../lib/ksdk_platform_lib/kds/KL17Z644/release/libksdk_platform.a(fsl_uart_driver.o)
                0x00004868                UART_DRV_StartSendData
 .text.UART_DRV_StartReceiveData
                0x000048a4       0x2c ../../lib/ksdk_platform_lib/kds/KL17Z644/release/libksdk_platform.a(fsl_uart_driver.o)
                0x000048a4                UART_DRV_StartReceiveData
 .text.UART_DRV_IRQHandler
                0x000048d0       0xe0 ../../lib/ksdk_platform_lib/kds/KL17Z644/release/libksdk_platform.a(fsl_uart_driver.o)
                0x000048d0                UART_DRV_IRQHandler
 .text.RCM_HAL_GetSrcStatus
                0x000049b0       0x10 ../../lib/ksdk_platform_lib/kds/KL17Z644/release/libksdk_platform.a(fsl_rcm_hal.o)
                0x000049b0                RCM_HAL_GetSrcStatus
 .text.LPUART_HAL_Init
                0x000049c0       0x28 ../../lib/ksdk_platform_lib/kds/KL17Z644/release/libksdk_platform.a(fsl_lpuart_hal.o)
                0x000049c0                LPUART_HAL_Init
 .text.LPUART_HAL_SetBaudRate
                0x000049e8       0xcc ../../lib/ksdk_platform_lib/kds/KL17Z644/release/libksdk_platform.a(fsl_lpuart_hal.o)
                0x000049e8                LPUART_HAL_SetBaudRate
 .text.LPUART_HAL_SetBitCountPerChar
                0x00004ab4       0x28 ../../lib/ksdk_platform_lib/kds/KL17Z644/release/libksdk_platform.a(fsl_lpuart_hal.o)
                0x00004ab4                LPUART_HAL_SetBitCountPerChar
 .text.LPUART_HAL_SetParityMode
                0x00004adc       0x1c ../../lib/ksdk_platform_lib/kds/KL17Z644/release/libksdk_platform.a(fsl_lpuart_hal.o)
                0x00004adc                LPUART_HAL_SetParityMode
 .text.LPUART_HAL_Putchar_NonBlocking
                0x00004af8       0x18 ../../lib/ksdk_platform_lib/kds/KL17Z644/release/libksdk_platform.a(fsl_lpuart_hal.o)
                0x00004af8                LPUART_HAL_Putchar_NonBlocking
 .text.LPUART_HAL_Getchar_NonBlocking
                0x00004b10       0x18 ../../lib/ksdk_platform_lib/kds/KL17Z644/release/libksdk_platform.a(fsl_lpuart_hal.o)
                0x00004b10                LPUART_HAL_Getchar_NonBlocking
 .text.LPUART_HAL_SetIntMode
                0x00004b28       0x3e ../../lib/ksdk_platform_lib/kds/KL17Z644/release/libksdk_platform.a(fsl_lpuart_hal.o)
                0x00004b28                LPUART_HAL_SetIntMode
 .text.LPUART_HAL_GetStatusFlag
                0x00004b66       0x32 ../../lib/ksdk_platform_lib/kds/KL17Z644/release/libksdk_platform.a(fsl_lpuart_hal.o)
                0x00004b66                LPUART_HAL_GetStatusFlag
 .text.LPUART_HAL_ClearStatusFlag
                0x00004b98       0x64 ../../lib/ksdk_platform_lib/kds/KL17Z644/release/libksdk_platform.a(fsl_lpuart_hal.o)
                0x00004b98                LPUART_HAL_ClearStatusFlag
 .text.LPUART_DRV_Init
                0x00004bfc       0xb4 ../../lib/ksdk_platform_lib/kds/KL17Z644/release/libksdk_platform.a(fsl_lpuart_driver.o)
                0x00004bfc                LPUART_DRV_Init
 .text.LPUART_DRV_InstallRxCallback
                0x00004cb0       0x24 ../../lib/ksdk_platform_lib/kds/KL17Z644/release/libksdk_platform.a(fsl_lpuart_driver.o)
                0x00004cb0                LPUART_DRV_InstallRxCallback
 .text.LPUART_DRV_InstallTxCallback
                0x00004cd4       0x24 ../../lib/ksdk_platform_lib/kds/KL17Z644/release/libksdk_platform.a(fsl_lpuart_driver.o)
                0x00004cd4                LPUART_DRV_InstallTxCallback
 .text.LPUART_DRV_StartSendData
                0x00004cf8       0x40 ../../lib/ksdk_platform_lib/kds/KL17Z644/release/libksdk_platform.a(fsl_lpuart_driver.o)
                0x00004cf8                LPUART_DRV_StartSendData
 .text.LPUART_DRV_StartReceiveData
                0x00004d38       0x2c ../../lib/ksdk_platform_lib/kds/KL17Z644/release/libksdk_platform.a(fsl_lpuart_driver.o)
                0x00004d38                LPUART_DRV_StartReceiveData
 .text.LPUART_DRV_IRQHandler
                0x00004d64       0xe4 ../../lib/ksdk_platform_lib/kds/KL17Z644/release/libksdk_platform.a(fsl_lpuart_driver.o)
                0x00004d64                LPUART_DRV_IRQHandler
 .text.LPTMR_DRV_Init
                0x00004e48       0xf8 ../../lib/ksdk_platform_lib/kds/KL17Z644/release/libksdk_platform.a(fsl_lptmr_driver.o)
                0x00004e48                LPTMR_DRV_Init
 .text.LPTMR_DRV_Start
                0x00004f40       0x18 ../../lib/ksdk_platform_lib/kds/KL17Z644/release/libksdk_platform.a(fsl_lptmr_driver.o)
                0x00004f40                LPTMR_DRV_Start
 .text.LPTMR_DRV_Stop
                0x00004f58       0x18 ../../lib/ksdk_platform_lib/kds/KL17Z644/release/libksdk_platform.a(fsl_lptmr_driver.o)
                0x00004f58                LPTMR_DRV_Stop
 .text.LPTMR_DRV_SetTimerPeriodUs
                0x00004f70       0x68 ../../lib/ksdk_platform_lib/kds/KL17Z644/release/libksdk_platform.a(fsl_lptmr_driver.o)
                0x00004f70                LPTMR_DRV_SetTimerPeriodUs
 .text.LPTMR_DRV_GetCurrentTimeUs
                0x00004fd8       0x54 ../../lib/ksdk_platform_lib/kds/KL17Z644/release/libksdk_platform.a(fsl_lptmr_driver.o)
                0x00004fd8                LPTMR_DRV_GetCurrentTimeUs
 .text.LPTMR_DRV_InstallCallback
                0x0000502c       0x18 ../../lib/ksdk_platform_lib/kds/KL17Z644/release/libksdk_platform.a(fsl_lptmr_driver.o)
                0x0000502c                LPTMR_DRV_InstallCallback
 .text.LPTMR_DRV_IRQHandler
                0x00005044       0x2c ../../lib/ksdk_platform_lib/kds/KL17Z644/release/libksdk_platform.a(fsl_lptmr_driver.o)
                0x00005044                LPTMR_DRV_IRQHandler
 .text.INT_SYS_EnableIRQGlobal
                0x00005070       0x18 ../../lib/ksdk_platform_lib/kds/KL17Z644/release/libksdk_platform.a(fsl_interrupt_manager.o)
                0x00005070                INT_SYS_EnableIRQGlobal
 .text.INT_SYS_DisableIRQGlobal
                0x00005088       0x10 ../../lib/ksdk_platform_lib/kds/KL17Z644/release/libksdk_platform.a(fsl_interrupt_manager.o)
                0x00005088                INT_SYS_DisableIRQGlobal
 .text.GPIO_DRV_InputPinInit
                0x00005098       0x9c ../../lib/ksdk_platform_lib/kds/KL17Z644/release/libksdk_platform.a(fsl_gpio_driver.o)
                0x00005098                GPIO_DRV_InputPinInit
 .text.GPIO_DRV_OutputPinInit
                0x00005134       0x64 ../../lib/ksdk_platform_lib/kds/KL17Z644/release/libksdk_platform.a(fsl_gpio_driver.o)
                0x00005134                GPIO_DRV_OutputPinInit
 .text.GPIO_DRV_WritePinOutput
                0x00005198       0x20 ../../lib/ksdk_platform_lib/kds/KL17Z644/release/libksdk_platform.a(fsl_gpio_driver.o)
                0x00005198                GPIO_DRV_WritePinOutput
 .text.GPIO_DRV_TogglePinOutput
                0x000051b8       0x1c ../../lib/ksdk_platform_lib/kds/KL17Z644/release/libksdk_platform.a(fsl_gpio_driver.o)
                0x000051b8                GPIO_DRV_TogglePinOutput
 .text.FlashCommandSequence
                0x000051d4       0x2e ../../lib/ksdk_platform_lib/kds/KL17Z644/release/libksdk_platform.a(FlashCommandSequence.o)
                0x000051d4                FlashCommandSequence
 *fill*         0x00005202        0x2 
 .text.FlashEraseSector
                0x00005204       0x6c ../../lib/ksdk_platform_lib/kds/KL17Z644/release/libksdk_platform.a(FlashEraseSector.o)
                0x00005204                FlashEraseSector
 .text.FlashInit
                0x00005270        0xa ../../lib/ksdk_platform_lib/kds/KL17Z644/release/libksdk_platform.a(FlashInit.o)
                0x00005270                FlashInit
 .text.FlashProgram
                0x0000527a       0x7e ../../lib/ksdk_platform_lib/kds/KL17Z644/release/libksdk_platform.a(FlashProgram.o)
                0x0000527a                FlashProgram
 .text.COP_DRV_Init
                0x000052f8       0x1c ../../lib/ksdk_platform_lib/kds/KL17Z644/release/libksdk_platform.a(fsl_cop_driver.o)
                0x000052f8                COP_DRV_Init
 .text.COP_DRV_Refresh
                0x00005314       0x24 ../../lib/ksdk_platform_lib/kds/KL17Z644/release/libksdk_platform.a(fsl_cop_driver.o)
                0x00005314                COP_DRV_Refresh
 .text.SIM_HAL_EnableClock.constprop.6
                0x00005338       0x24 ../../lib/ksdk_platform_lib/kds/KL17Z644/release/libksdk_platform.a(fsl_clock_MKL17Z644.o)
 .text.CLOCK_SYS_SetSimConfigration
                0x0000535c       0x2c ../../lib/ksdk_platform_lib/kds/KL17Z644/release/libksdk_platform.a(fsl_clock_MKL17Z644.o)
                0x0000535c                CLOCK_SYS_SetSimConfigration
 .text.CLOCK_SYS_GetSystemClockFreq
                0x00005388       0x20 ../../lib/ksdk_platform_lib/kds/KL17Z644/release/libksdk_platform.a(fsl_clock_MKL17Z644.o)
                0x00005388                CLOCK_SYS_GetSystemClockFreq
 .text.CLOCK_SYS_GetBusClockFreq
                0x000053a8       0x18 ../../lib/ksdk_platform_lib/kds/KL17Z644/release/libksdk_platform.a(fsl_clock_MKL17Z644.o)
                0x000053a8                CLOCK_SYS_GetBusClockFreq
 .text.CLOCK_SYS_GetExternalRefClock32kFreq
                0x000053c0       0x40 ../../lib/ksdk_platform_lib/kds/KL17Z644/release/libksdk_platform.a(fsl_clock_MKL17Z644.o)
                0x000053c0                CLOCK_SYS_GetExternalRefClock32kFreq
 .text.CLOCK_SYS_GetOsc0ExternalRefClockFreq
                0x00005400       0x24 ../../lib/ksdk_platform_lib/kds/KL17Z644/release/libksdk_platform.a(fsl_clock_MKL17Z644.o)
                0x00005400                CLOCK_SYS_GetOsc0ExternalRefClockFreq
 .text.CLOCK_SYS_GetLpuartFreq
                0x00005424       0x38 ../../lib/ksdk_platform_lib/kds/KL17Z644/release/libksdk_platform.a(fsl_clock_MKL17Z644.o)
                0x00005424                CLOCK_SYS_GetLpuartFreq
 .text.CLOCK_SYS_GetLptmrFreq
                0x0000545c       0x30 ../../lib/ksdk_platform_lib/kds/KL17Z644/release/libksdk_platform.a(fsl_clock_MKL17Z644.o)
                0x0000545c                CLOCK_SYS_GetLptmrFreq
 .text.CLOCK_SYS_EnablePortClock
                0x0000548c       0x10 ../../lib/ksdk_platform_lib/kds/KL17Z644/release/libksdk_platform.a(fsl_clock_MKL17Z644.o)
                0x0000548c                CLOCK_SYS_EnablePortClock
 .text.CLOCK_SYS_EnableLpuartClock
                0x0000549c       0x10 ../../lib/ksdk_platform_lib/kds/KL17Z644/release/libksdk_platform.a(fsl_clock_MKL17Z644.o)
                0x0000549c                CLOCK_SYS_EnableLpuartClock
 .text.CLOCK_SYS_SetMcgliteMode
                0x000054ac       0x74 ../../lib/ksdk_platform_lib/kds/KL17Z644/release/libksdk_platform.a(fsl_clock_manager.o)
                0x000054ac                CLOCK_SYS_SetMcgliteMode
 .text.CLOCK_SYS_SetOscerConfigration
                0x00005520       0x28 ../../lib/ksdk_platform_lib/kds/KL17Z644/release/libksdk_platform.a(fsl_clock_manager.o)
                0x00005520                CLOCK_SYS_SetOscerConfigration
 .text.CLOCK_SYS_OscInit
                0x00005548       0x94 ../../lib/ksdk_platform_lib/kds/KL17Z644/release/libksdk_platform.a(fsl_clock_manager.o)
                0x00005548                CLOCK_SYS_OscInit
 .text.CLOCK_HAL_SetOutDiv
                0x000055dc       0x1c ../../lib/ksdk_platform_lib/kds/KL17Z644/release/libksdk_platform.a(fsl_sim_hal_MKL17Z644.o)
                0x000055dc                CLOCK_HAL_SetOutDiv
 .text.CLOCK_HAL_SetLpuartSrc
                0x000055f8       0x28 ../../lib/ksdk_platform_lib/kds/KL17Z644/release/libksdk_platform.a(fsl_sim_hal_MKL17Z644.o)
                0x000055f8                CLOCK_HAL_SetLpuartSrc
 .text.CLOCK_HAL_GetLpuartSrc
                0x00005620       0x24 ../../lib/ksdk_platform_lib/kds/KL17Z644/release/libksdk_platform.a(fsl_sim_hal_MKL17Z644.o)
                0x00005620                CLOCK_HAL_GetLpuartSrc
 .text.OSC_HAL_SetCapacitor
                0x00005644        0xe ../../lib/ksdk_platform_lib/kds/KL17Z644/release/libksdk_platform.a(fsl_osc_hal.o)
                0x00005644                OSC_HAL_SetCapacitor
 *fill*         0x00005652        0x2 
 .text.CLOCK_HAL_GetLircClk
                0x00005654       0x40 ../../lib/ksdk_platform_lib/kds/KL17Z644/release/libksdk_platform.a(fsl_mcglite_hal.o)
                0x00005654                CLOCK_HAL_GetLircClk
 .text.CLOCK_HAL_GetInternalRefClk
                0x00005694       0x2c ../../lib/ksdk_platform_lib/kds/KL17Z644/release/libksdk_platform.a(fsl_mcglite_hal.o)
                0x00005694                CLOCK_HAL_GetInternalRefClk
 .text.CLOCK_HAL_GetOutClk
                0x000056c0       0x48 ../../lib/ksdk_platform_lib/kds/KL17Z644/release/libksdk_platform.a(fsl_mcglite_hal.o)
                0x000056c0                CLOCK_HAL_GetOutClk
 .text.CLOCK_HAL_GetMode
                0x00005708       0x38 ../../lib/ksdk_platform_lib/kds/KL17Z644/release/libksdk_platform.a(fsl_mcglite_hal_modes.o)
                0x00005708                CLOCK_HAL_GetMode
 .text.CLOCK_HAL_SetHircMode
                0x00005740       0x30 ../../lib/ksdk_platform_lib/kds/KL17Z644/release/libksdk_platform.a(fsl_mcglite_hal_modes.o)
                0x00005740                CLOCK_HAL_SetHircMode
 .text.CLOCK_HAL_SetLircMode
                0x00005770       0x6c ../../lib/ksdk_platform_lib/kds/KL17Z644/release/libksdk_platform.a(fsl_mcglite_hal_modes.o)
                0x00005770                CLOCK_HAL_SetLircMode
 .text.CLOCK_HAL_SetExtMode
                0x000057dc       0x50 ../../lib/ksdk_platform_lib/kds/KL17Z644/release/libksdk_platform.a(fsl_mcglite_hal_modes.o)
                0x000057dc                CLOCK_HAL_SetExtMode
 .text.LPTMR_HAL_SetTimerWorkingMode
                0x0000582c       0x3a ../../lib/ksdk_platform_lib/kds/KL17Z644/release/libksdk_platform.a(fsl_lptmr_hal.o)
                0x0000582c                LPTMR_HAL_SetTimerWorkingMode
 .text.LPTMR_HAL_SetPrescalerMode
                0x00005866       0x1e ../../lib/ksdk_platform_lib/kds/KL17Z644/release/libksdk_platform.a(fsl_lptmr_hal.o)
                0x00005866                LPTMR_HAL_SetPrescalerMode
 .text.LPTMR_HAL_GetCounterValue
                0x00005884       0x14 ../../lib/ksdk_platform_lib/kds/KL17Z644/release/libksdk_platform.a(fsl_lptmr_hal.o)
                0x00005884                LPTMR_HAL_GetCounterValue
 .text.GPIO_HAL_SetPinDir
                0x00005898       0x20 ../../lib/ksdk_platform_lib/kds/KL17Z644/release/libksdk_platform.a(fsl_gpio_hal.o)
                0x00005898                GPIO_HAL_SetPinDir
 .text.GPIO_HAL_WritePinOutput
                0x000058b8       0x10 ../../lib/ksdk_platform_lib/kds/KL17Z644/release/libksdk_platform.a(fsl_gpio_hal.o)
                0x000058b8                GPIO_HAL_WritePinOutput
 .text.COP_HAL_SetConfig
                0x000058c8       0x3e ../../lib/ksdk_platform_lib/kds/KL17Z644/release/libksdk_platform.a(fsl_cop_hal.o)
                0x000058c8                COP_HAL_SetConfig
 .text.atoi     0x00005906        0xc c:/freescale/kds_v3/toolchain/bin/../lib/gcc/arm-none-eabi/4.8.4/../../../../arm-none-eabi/lib/armv6-m\libg_s.a(lib_a-atoi.o)
                0x00005906                atoi
 *fill*         0x00005912        0x2 
 .text.exit     0x00005914       0x2c c:/freescale/kds_v3/toolchain/bin/../lib/gcc/arm-none-eabi/4.8.4/../../../../arm-none-eabi/lib/armv6-m\libg_s.a(lib_a-exit.o)
                0x00005914                exit
 .text.__libc_init_array
                0x00005940       0x4c c:/freescale/kds_v3/toolchain/bin/../lib/gcc/arm-none-eabi/4.8.4/../../../../arm-none-eabi/lib/armv6-m\libg_s.a(lib_a-init.o)
                0x00005940                __libc_init_array
 .text.malloc   0x0000598c       0x14 c:/freescale/kds_v3/toolchain/bin/../lib/gcc/arm-none-eabi/4.8.4/../../../../arm-none-eabi/lib/armv6-m\libg_s.a(lib_a-malloc.o)
                0x0000598c                malloc
 .text.memcpy   0x000059a0       0x12 c:/freescale/kds_v3/toolchain/bin/../lib/gcc/arm-none-eabi/4.8.4/../../../../arm-none-eabi/lib/armv6-m\libg_s.a(lib_a-memcpy-stub.o)
                0x000059a0                memcpy
 .text.memset   0x000059b2       0x10 c:/freescale/kds_v3/toolchain/bin/../lib/gcc/arm-none-eabi/4.8.4/../../../../arm-none-eabi/lib/armv6-m\libg_s.a(lib_a-memset.o)
                0x000059b2                memset
 *fill*         0x000059c2        0x2 
 .text._free_r  0x000059c4       0x90 c:/freescale/kds_v3/toolchain/bin/../lib/gcc/arm-none-eabi/4.8.4/../../../../arm-none-eabi/lib/armv6-m\libg_s.a(lib_a-nano-freer.o)
                0x000059c4                _free_r
 .text._malloc_r
                0x00005a54       0xa8 c:/freescale/kds_v3/toolchain/bin/../lib/gcc/arm-none-eabi/4.8.4/../../../../arm-none-eabi/lib/armv6-m\libg_s.a(lib_a-nano-mallocr.o)
                0x00005a54                _malloc_r
 .text._sbrk_r  0x00005afc       0x24 c:/freescale/kds_v3/toolchain/bin/../lib/gcc/arm-none-eabi/4.8.4/../../../../arm-none-eabi/lib/armv6-m\libg_s.a(lib_a-sbrkr.o)
                0x00005afc                _sbrk_r
 .text.snprintf
                0x00005b20       0x64 c:/freescale/kds_v3/toolchain/bin/../lib/gcc/arm-none-eabi/4.8.4/../../../../arm-none-eabi/lib/armv6-m\libg_s.a(lib_a-snprintf.o)
                0x00005b20                sniprintf
                0x00005b20                snprintf
 .text.sprintf  0x00005b84       0x44 c:/freescale/kds_v3/toolchain/bin/../lib/gcc/arm-none-eabi/4.8.4/../../../../arm-none-eabi/lib/armv6-m\libg_s.a(lib_a-sprintf.o)
                0x00005b84                siprintf
                0x00005b84                sprintf
 .text.strcat   0x00005bc8       0x1a c:/freescale/kds_v3/toolchain/bin/../lib/gcc/arm-none-eabi/4.8.4/../../../../arm-none-eabi/lib/armv6-m\libg_s.a(lib_a-strcat.o)
                0x00005bc8                strcat
 .text.strcpy   0x00005be2       0x10 c:/freescale/kds_v3/toolchain/bin/../lib/gcc/arm-none-eabi/4.8.4/../../../../arm-none-eabi/lib/armv6-m\libg_s.a(lib_a-strcpy.o)
                0x00005be2                strcpy
 .text.strlen   0x00005bf2        0xe c:/freescale/kds_v3/toolchain/bin/../lib/gcc/arm-none-eabi/4.8.4/../../../../arm-none-eabi/lib/armv6-m\libg_s.a(lib_a-strlen.o)
                0x00005bf2                strlen
 .text.strncat  0x00005c00       0x28 c:/freescale/kds_v3/toolchain/bin/../lib/gcc/arm-none-eabi/4.8.4/../../../../arm-none-eabi/lib/armv6-m\libg_s.a(lib_a-strncat.o)
                0x00005c00                strncat
 .text.strncpy  0x00005c28       0x28 c:/freescale/kds_v3/toolchain/bin/../lib/gcc/arm-none-eabi/4.8.4/../../../../arm-none-eabi/lib/armv6-m\libg_s.a(lib_a-strncpy.o)
                0x00005c28                strncpy
 .text.strstr   0x00005c50       0x32 c:/freescale/kds_v3/toolchain/bin/../lib/gcc/arm-none-eabi/4.8.4/../../../../arm-none-eabi/lib/armv6-m\libg_s.a(lib_a-strstr.o)
                0x00005c50                strstr
 *fill*         0x00005c82        0x2 
 .text.strtok   0x00005c84       0x64 c:/freescale/kds_v3/toolchain/bin/../lib/gcc/arm-none-eabi/4.8.4/../../../../arm-none-eabi/lib/armv6-m\libg_s.a(lib_a-strtok.o)
                0x00005c84                strtok
 .text.__strtok_r
                0x00005ce8       0x5c c:/freescale/kds_v3/toolchain/bin/../lib/gcc/arm-none-eabi/4.8.4/../../../../arm-none-eabi/lib/armv6-m\libg_s.a(lib_a-strtok_r.o)
                0x00005ce8                __strtok_r
 .text._strtol_r
                0x00005d44      0x114 c:/freescale/kds_v3/toolchain/bin/../lib/gcc/arm-none-eabi/4.8.4/../../../../arm-none-eabi/lib/armv6-m\libg_s.a(lib_a-strtol.o)
                0x00005d44                _strtol_r
 .text.strtol   0x00005e58       0x1c c:/freescale/kds_v3/toolchain/bin/../lib/gcc/arm-none-eabi/4.8.4/../../../../arm-none-eabi/lib/armv6-m\libg_s.a(lib_a-strtol.o)
                0x00005e58                strtol
 .text.__ssputs_r
                0x00005e74       0xc0 c:/freescale/kds_v3/toolchain/bin/../lib/gcc/arm-none-eabi/4.8.4/../../../../arm-none-eabi/lib/armv6-m\libg_s.a(lib_a-svfprintf.o)
                0x00005e74                __ssputs_r
 .text._svfprintf_r
                0x00005f34      0x1e0 c:/freescale/kds_v3/toolchain/bin/../lib/gcc/arm-none-eabi/4.8.4/../../../../arm-none-eabi/lib/armv6-m\libg_s.a(lib_a-svfprintf.o)
                0x00005f34                _svfiprintf_r
                0x00005f34                _svfprintf_r
 .text._printf_common
                0x00006114       0xe8 c:/freescale/kds_v3/toolchain/bin/../lib/gcc/arm-none-eabi/4.8.4/../../../../arm-none-eabi/lib/armv6-m\libg_s.a(lib_a-vfprintf_i.o)
                0x00006114                _printf_common
 .text._printf_i
                0x000061fc      0x22c c:/freescale/kds_v3/toolchain/bin/../lib/gcc/arm-none-eabi/4.8.4/../../../../arm-none-eabi/lib/armv6-m\libg_s.a(lib_a-vfprintf_i.o)
                0x000061fc                _printf_i
 .text.memchr   0x00006428       0x16 c:/freescale/kds_v3/toolchain/bin/../lib/gcc/arm-none-eabi/4.8.4/../../../../arm-none-eabi/lib/armv6-m\libg_s.a(lib_a-memchr-stub.o)
                0x00006428                memchr
 .text.memmove  0x0000643e       0x32 c:/freescale/kds_v3/toolchain/bin/../lib/gcc/arm-none-eabi/4.8.4/../../../../arm-none-eabi/lib/armv6-m\libg_s.a(lib_a-memmove.o)
                0x0000643e                memmove
 .text._realloc_r
                0x00006470       0x4c c:/freescale/kds_v3/toolchain/bin/../lib/gcc/arm-none-eabi/4.8.4/../../../../arm-none-eabi/lib/armv6-m\libg_s.a(lib_a-nano-reallocr.o)
                0x00006470                _realloc_r
 .text._malloc_usable_size_r
                0x000064bc       0x12 c:/freescale/kds_v3/toolchain/bin/../lib/gcc/arm-none-eabi/4.8.4/../../../../arm-none-eabi/lib/armv6-m\libg_s.a(lib_a-nano-msizer.o)
                0x000064bc                _malloc_usable_size_r
 *fill*         0x000064ce        0x2 
 .text._sbrk    0x000064d0       0x34 c:/freescale/kds_v3/toolchain/bin/../lib/gcc/arm-none-eabi/4.8.4/../../../../arm-none-eabi/lib/armv6-m\libnosys.a(sbrk.o)
                0x000064d0                _sbrk
 .text._exit    0x00006504        0x4 c:/freescale/kds_v3/toolchain/bin/../lib/gcc/arm-none-eabi/4.8.4/../../../../arm-none-eabi/lib/armv6-m\libnosys.a(_exit.o)
                0x00006504                _exit
 *(.rodata)
 *(.rodata*)
 .rodata.zgItemTable
                0x00006508       0x70 ./system/ZGlobals.o
 .rodata.g_defaultClockConfigRun
                0x00006578        0xc ./board/board.o
                0x00006578                g_defaultClockConfigRun
 .rodata.auchCRCLo
                0x00006584      0x100 ./CRC/CRC.o
 .rodata.auchCRCHi
                0x00006684      0x100 ./CRC/CRC.o
 .rodata.str1.1
                0x00006784      0x163 ./ATProcessingFunc/AT_ProcessFunc.o
                                0x16d (size before relaxing)
 .rodata.str1.1
                0x000068e7      0x3bb ./ATProcessingFunc/szconfig.o
                                0x3c6 (size before relaxing)
 *fill*         0x00006ca2        0x2 
 .rodata.tasksArr
                0x00006ca4        0xc ./osal_transparent.o
                0x00006ca4                tasksArr
 .rodata.tasksCnt
                0x00006cb0        0x1 ./osal_transparent.o
                0x00006cb0                tasksCnt
 .rodata.str1.1
                0x00006cb1        0x5 ./transparent.o
                                  0x8 (size before relaxing)
 *fill*         0x00006cb6        0x2 
 .rodata.CSWTCH.55
                0x00006cb8       0x20 ./transparent.o
 .rodata.g_gpioBase
                0x00006cd8       0x14 ../../lib/ksdk_platform_lib/kds/KL17Z644/release/libksdk_platform.a(fsl_gpio_common.o)
                0x00006cd8                g_gpioBase
 .rodata.g_portBase
                0x00006cec       0x14 ../../lib/ksdk_platform_lib/kds/KL17Z644/release/libksdk_platform.a(fsl_gpio_common.o)
                0x00006cec                g_portBase
 .rodata.g_portIrqId
                0x00006d00        0x5 ../../lib/ksdk_platform_lib/kds/KL17Z644/release/libksdk_platform.a(fsl_gpio_common.o)
                0x00006d00                g_portIrqId
 .rodata.portGateTable
                0x00006d05        0x5 ../../lib/ksdk_platform_lib/kds/KL17Z644/release/libksdk_platform.a(fsl_clock_MKL17Z644.o)
 .rodata.lpuartGateTable
                0x00006d0a        0x2 ../../lib/ksdk_platform_lib/kds/KL17Z644/release/libksdk_platform.a(fsl_clock_MKL17Z644.o)
 .rodata.g_oscBase
                0x00006d0c        0x4 ../../lib/ksdk_platform_lib/kds/KL17Z644/release/libksdk_platform.a(fsl_clock_manager_common.o)
                0x00006d0c                g_oscBase
 .rodata.g_uartBase
                0x00006d10        0xc ../../lib/ksdk_platform_lib/kds/KL17Z644/release/libksdk_platform.a(fsl_uart_common.o)
                0x00006d10                g_uartBase
 .rodata.g_lpuartBase
                0x00006d1c        0x8 ../../lib/ksdk_platform_lib/kds/KL17Z644/release/libksdk_platform.a(fsl_lpuart_common.o)
                0x00006d1c                g_lpuartBase
 .rodata.g_lptmrBase
                0x00006d24        0x4 ../../lib/ksdk_platform_lib/kds/KL17Z644/release/libksdk_platform.a(fsl_lptmr_common.o)
                0x00006d24                g_lptmrBase
 .rodata.g_lptmrIrqId
                0x00006d28        0x1 ../../lib/ksdk_platform_lib/kds/KL17Z644/release/libksdk_platform.a(fsl_lptmr_common.o)
                0x00006d28                g_lptmrIrqId
 *fill*         0x00006d29        0x3 
 .rodata.g_copBase
                0x00006d2c        0x4 ../../lib/ksdk_platform_lib/kds/KL17Z644/release/libksdk_platform.a(fsl_cop_common.o)
                0x00006d2c                g_copBase
 .rodata.str1.1
                0x00006d30        0x2 c:/freescale/kds_v3/toolchain/bin/../lib/gcc/arm-none-eabi/4.8.4/../../../../arm-none-eabi/lib/armv6-m\libg_s.a(lib_a-impure.o)
 *fill*         0x00006d32        0x2 
 .rodata._global_impure_ptr
                0x00006d34        0x4 c:/freescale/kds_v3/toolchain/bin/../lib/gcc/arm-none-eabi/4.8.4/../../../../arm-none-eabi/lib/armv6-m\libg_s.a(lib_a-impure.o)
                0x00006d34                _global_impure_ptr
 .rodata.str1.1
                0x00006d38       0x11 c:/freescale/kds_v3/toolchain/bin/../lib/gcc/arm-none-eabi/4.8.4/../../../../arm-none-eabi/lib/armv6-m\libg_s.a(lib_a-svfprintf.o)
 .rodata.str1.1
                0x00006d49       0x22 c:/freescale/kds_v3/toolchain/bin/../lib/gcc/arm-none-eabi/4.8.4/../../../../arm-none-eabi/lib/armv6-m\libg_s.a(lib_a-vfprintf_i.o)
 .rodata._ctype_
                0x00006d6b      0x101 c:/freescale/kds_v3/toolchain/bin/../lib/gcc/arm-none-eabi/4.8.4/../../../../arm-none-eabi/lib/armv6-m\libg_s.a(lib_a-ctype_.o)
                0x00006d6b                _ctype_
 .rodata.__sf_fake_stdin
                0x00006e6c       0x20 c:/freescale/kds_v3/toolchain/bin/../lib/gcc/arm-none-eabi/4.8.4/../../../../arm-none-eabi/lib/armv6-m\libg_s.a(lib_a-findfp.o)
                0x00006e6c                __sf_fake_stdin
 .rodata.__sf_fake_stdout
                0x00006e8c       0x20 c:/freescale/kds_v3/toolchain/bin/../lib/gcc/arm-none-eabi/4.8.4/../../../../arm-none-eabi/lib/armv6-m\libg_s.a(lib_a-findfp.o)
                0x00006e8c                __sf_fake_stdout
 .rodata.__sf_fake_stderr
                0x00006eac       0x20 c:/freescale/kds_v3/toolchain/bin/../lib/gcc/arm-none-eabi/4.8.4/../../../../arm-none-eabi/lib/armv6-m\libg_s.a(lib_a-findfp.o)
                0x00006eac                __sf_fake_stderr
 *(.glue_7)
 .glue_7        0x00000000        0x0 linker stubs
 *(.glue_7t)
 .glue_7t       0x00000000        0x0 linker stubs
 *(.eh_frame)
 .eh_frame      0x00006ecc        0x0 c:/freescale/kds_v3/toolchain/bin/../lib/gcc/arm-none-eabi/4.8.4/armv6-m/crtbegin.o
 *(.init)
 .init          0x00006ecc        0x4 c:/freescale/kds_v3/toolchain/bin/../lib/gcc/arm-none-eabi/4.8.4/armv6-m/crti.o
                0x00006ecc                _init
 .init          0x00006ed0        0x8 c:/freescale/kds_v3/toolchain/bin/../lib/gcc/arm-none-eabi/4.8.4/armv6-m/crtn.o
 *(.fini)
 .fini          0x00006ed8        0x4 c:/freescale/kds_v3/toolchain/bin/../lib/gcc/arm-none-eabi/4.8.4/armv6-m/crti.o
                0x00006ed8                _fini
 .fini          0x00006edc        0x8 c:/freescale/kds_v3/toolchain/bin/../lib/gcc/arm-none-eabi/4.8.4/armv6-m/crtn.o
                0x00006ee4                . = ALIGN (0x4)

.vfp11_veneer   0x00006ee4        0x0
 .vfp11_veneer  0x00000000        0x0 linker stubs

.v4_bx          0x00006ee4        0x0
 .v4_bx         0x00000000        0x0 linker stubs

.iplt           0x00006ee4        0x0
 .iplt          0x00000000        0x0 c:/freescale/kds_v3/toolchain/bin/../lib/gcc/arm-none-eabi/4.8.4/armv6-m/crtbegin.o

.ARM.extab
 *(.ARM.extab* .gnu.linkonce.armextab.*)

.ARM            0x00006ee4        0x8
                0x00006ee4                __exidx_start = .
 *(.ARM.exidx*)
 .ARM.exidx     0x00006ee4        0x8 c:/freescale/kds_v3/toolchain/bin/../lib/gcc/arm-none-eabi/4.8.4/../../../../arm-none-eabi/lib/armv6-m/crt0.o
 .ARM.exidx     0x00006eec        0x0 c:/freescale/kds_v3/toolchain/bin/../lib/gcc/arm-none-eabi/4.8.4/armv6-m\libgcc.a(_divdi3.o)
                                  0x8 (size before relaxing)
 .ARM.exidx     0x00006eec        0x0 c:/freescale/kds_v3/toolchain/bin/../lib/gcc/arm-none-eabi/4.8.4/armv6-m\libgcc.a(_udivdi3.o)
                                  0x8 (size before relaxing)
                0x00006eec                __exidx_end = .

.rel.dyn        0x00006eec        0x0
 .rel.iplt      0x00000000        0x0 c:/freescale/kds_v3/toolchain/bin/../lib/gcc/arm-none-eabi/4.8.4/armv6-m/crtbegin.o

.ctors          0x00006eec        0x0
                0x00006eec                __CTOR_LIST__ = .
 *crtbegin.o(.ctors)
 *crtbegin?.o(.ctors)
 *(EXCLUDE_FILE(*crtend.o *crtend?.o) .ctors)
 *(SORT(.ctors.*))
 *(.ctors)
                0x00006eec                __CTOR_END__ = .

.dtors          0x00006eec        0x0
                0x00006eec                __DTOR_LIST__ = .
 *crtbegin.o(.dtors)
 *crtbegin?.o(.dtors)
 *(EXCLUDE_FILE(*crtend.o *crtend?.o) .dtors)
 *(SORT(.dtors.*))
 *(.dtors)
                0x00006eec                __DTOR_END__ = .

.preinit_array  0x00006eec        0x0
                0x00006eec                PROVIDE (__preinit_array_start, .)
 *(.preinit_array*)
                0x00006eec                PROVIDE (__preinit_array_end, .)

.init_array     0x00006eec        0x4
                0x00006eec                PROVIDE (__init_array_start, .)
 *(SORT(.init_array.*))
 *(.init_array*)
 .init_array    0x00006eec        0x4 c:/freescale/kds_v3/toolchain/bin/../lib/gcc/arm-none-eabi/4.8.4/armv6-m/crtbegin.o
                0x00006ef0                PROVIDE (__init_array_end, .)

.fini_array     0x00006ef0        0x4
                0x00006ef0                PROVIDE (__fini_array_start, .)
 *(SORT(.fini_array.*))
 *(.fini_array*)
 .fini_array    0x00006ef0        0x4 c:/freescale/kds_v3/toolchain/bin/../lib/gcc/arm-none-eabi/4.8.4/armv6-m/crtbegin.o
                0x00006ef4                PROVIDE (__fini_array_end, .)
                0x00006ef4                __etext = .
                0x00006ef4                __DATA_ROM = .

.mtb            0x1ffff800        0x0
                0x1ffff800                . = ALIGN (0x8)
                0x1ffff800                _mtb_start = .
 *(.mtb_buf)
                0x1ffff800                . = ALIGN (0x8)
                0x1ffff800                _mtb_end = .

.interrupts_ram
                0x1ffff800        0x0
                0x1ffff800                . = ALIGN (0x4)
                0x1ffff800                __VECTOR_RAM__ = .
                0x1ffff800                __interrupts_ram_start__ = .
 *(.m_interrupts_ram)
                0x1ffff800                . = (. + M_VECTOR_RAM_SIZE)
                0x1ffff800                . = ALIGN (0x4)
                0x1ffff800                __interrupts_ram_end__ = .
                0x00000000                __VECTOR_RAM = DEFINED (__ram_vector_table__)?__VECTOR_RAM__:ORIGIN (m_interrupts)
                0x00000000                __RAM_VECTOR_TABLE_SIZE_BYTES = DEFINED (__ram_vector_table__)?(__interrupts_ram_end__ - __interrupts_ram_start__):0x0

.data           0x1ffff800      0x154 load address 0x00006ef4
                0x1ffff800                . = ALIGN (0x4)
                0x1ffff800                __DATA_RAM = .
                0x1ffff800                __data_start__ = .
 *(.data)
 *(.data*)
 .data.BaudRateType
                0x1ffff800        0x1 ./system/ZGlobals.o
                0x1ffff800                BaudRateType
 .data.DebugInfoEnable
                0x1ffff801        0x1 ./system/ZGlobals.o
                0x1ffff801                DebugInfoEnable
 .data.RegisterPacketEnable
                0x1ffff802        0x1 ./system/ZGlobals.o
                0x1ffff802                RegisterPacketEnable
 .data.dtuid    0x1ffff803        0x8 ./system/ZGlobals.o
                0x1ffff803                dtuid
 .data.StopBitType
                0x1ffff80b        0x1 ./system/ZGlobals.o
                0x1ffff80b                StopBitType
 .data.HeartbeatTime
                0x1ffff80c        0x6 ./system/ZGlobals.o
                0x1ffff80c                HeartbeatTime
 .data.apninfo  0x1ffff812       0x29 ./system/ZGlobals.o
                0x1ffff812                apninfo
 .data.port     0x1ffff83b        0x6 ./system/ZGlobals.o
                0x1ffff83b                port
 .data.serve_host_name
                0x1ffff841       0x42 ./system/ZGlobals.o
                0x1ffff841                serve_host_name
 .data.DataBitType
                0x1ffff883        0x1 ./system/ZGlobals.o
                0x1ffff883                DataBitType
 .data.SystemCoreClock
                0x1ffff884        0x4 ./startup/system_MKL17Z644.o
                0x1ffff884                SystemCoreClock
 .data.activeTaskID
                0x1ffff888        0x1 ./osal/osal.o
 *fill*         0x1ffff889        0x3 
 .data.g_FlashLaunchCommand
                0x1ffff88c        0x4 ./board/flash-board.o
                0x1ffff88c                g_FlashLaunchCommand
 .data.flashSSDConfig
                0x1ffff890       0x24 ./board/flash-board.o
 .data.next_cmd_delay
                0x1ffff8b4        0x4 ./ATProcessingFunc/AT_ProcessFunc.o
                0x1ffff8b4                next_cmd_delay
 .data.waiting_delay
                0x1ffff8b8        0x4 ./ATProcessingFunc/AT_ProcessFunc.o
                0x1ffff8b8                waiting_delay
 .data.uart2_send_flag
                0x1ffff8bc        0x1 ./ATProcessingFunc/AT_ProcessFunc.o
                0x1ffff8bc                uart2_send_flag
 .data.AT_cmd_send
                0x1ffff8bd        0x1 ./ATProcessingFunc/AT_ProcessFunc.o
                0x1ffff8bd                AT_cmd_send
 .data.once_operate
                0x1ffff8be        0x1 ./ATProcessingFunc/AT_ProcessFunc.o
                0x1ffff8be                once_operate
 .data.RETURN_ERROR
                0x1ffff8bf        0xa ./ATProcessingFunc/szconfig.o
                0x1ffff8bf                RETURN_ERROR
 .data.RETURN_OK
                0x1ffff8c9        0x7 ./ATProcessingFunc/szconfig.o
                0x1ffff8c9                RETURN_OK
 .data.Cfg_mode
                0x1ffff8d0        0x1 ./ATProcessingFunc/szconfig.o
                0x1ffff8d0                Cfg_mode
 .data.UpdataSysConfigInfoPro
                0x1ffff8d1        0x3 ./ATProcessingFunc/szconfig.o
                0x1ffff8d1                UpdataSysConfigInfoPro
 .data.SW_VER   0x1ffff8d4        0x5 ./ATProcessingFunc/szconfig.o
                0x1ffff8d4                SW_VER
 .data.quary_status
                0x1ffff8d9        0xa ./transparent.o
                0x1ffff8d9                quary_status
 .data.g_uartRxTxIrqId
                0x1ffff8e3        0x3 ../../lib/ksdk_platform_lib/kds/KL17Z644/release/libksdk_platform.a(fsl_uart_common.o)
                0x1ffff8e3                g_uartRxTxIrqId
 .data.g_lpuartRxTxIrqId
                0x1ffff8e6        0x2 ../../lib/ksdk_platform_lib/kds/KL17Z644/release/libksdk_platform.a(fsl_lpuart_common.o)
                0x1ffff8e6                g_lpuartRxTxIrqId
 .data.impure_data
                0x1ffff8e8       0x60 c:/freescale/kds_v3/toolchain/bin/../lib/gcc/arm-none-eabi/4.8.4/../../../../arm-none-eabi/lib/armv6-m\libg_s.a(lib_a-impure.o)
 .data._impure_ptr
                0x1ffff948        0x4 c:/freescale/kds_v3/toolchain/bin/../lib/gcc/arm-none-eabi/4.8.4/../../../../arm-none-eabi/lib/armv6-m\libg_s.a(lib_a-impure.o)
                0x1ffff948                _impure_ptr
 .data.__ctype_ptr__
                0x1ffff94c        0x4 c:/freescale/kds_v3/toolchain/bin/../lib/gcc/arm-none-eabi/4.8.4/../../../../arm-none-eabi/lib/armv6-m\libg_s.a(lib_a-ctype_.o)
                0x1ffff94c                __ctype_ptr__
 *(.jcr*)
 .jcr           0x1ffff950        0x0 c:/freescale/kds_v3/toolchain/bin/../lib/gcc/arm-none-eabi/4.8.4/armv6-m/crtbegin.o
 .jcr           0x1ffff950        0x4 c:/freescale/kds_v3/toolchain/bin/../lib/gcc/arm-none-eabi/4.8.4/armv6-m/crtend.o
                0x1ffff954                . = ALIGN (0x4)
                0x1ffff954                __data_end__ = .
                0x00007048                __DATA_END = (__DATA_ROM + (__data_end__ - __data_start__))
                0x00008000                text_end = (ORIGIN (m_text) + 0x7bf0)
                0x00000001                ASSERT ((__DATA_END <= text_end), region m_text overflowed with text and data)

.igot.plt       0x1ffff954        0x0 load address 0x00007048
 .igot.plt      0x00000000        0x0 c:/freescale/kds_v3/toolchain/bin/../lib/gcc/arm-none-eabi/4.8.4/armv6-m/crtbegin.o

.bss            0x1ffff954      0x824 load address 0x00007048
                0x1ffff954                . = ALIGN (0x4)
                0x1ffff954                __START_BSS = .
                0x1ffff954                __bss_start__ = .
 *(.bss)
 .bss           0x1ffff954       0x1c c:/freescale/kds_v3/toolchain/bin/../lib/gcc/arm-none-eabi/4.8.4/armv6-m/crtbegin.o
 *(.bss*)
 .bss.SMSComEnable
                0x1ffff970        0x1 ./system/ZGlobals.o
                0x1ffff970                SMSComEnable
 .bss.rssi_disp
                0x1ffff971        0x1 ./system/ZGlobals.o
                0x1ffff971                rssi_disp
 .bss.FOTA_mode
                0x1ffff972        0x1 ./system/ZGlobals.o
                0x1ffff972                FOTA_mode
 .bss.DeviceIdentEnable
                0x1ffff973        0x1 ./system/ZGlobals.o
                0x1ffff973                DeviceIdentEnable
 .bss.CheckBitType
                0x1ffff974        0x1 ./system/ZGlobals.o
                0x1ffff974                CheckBitType
 .bss.HasLoopedThroughMain
                0x1ffff975        0x1 ./system/timer.o
                0x1ffff975                HasLoopedThroughMain
 *fill*         0x1ffff976        0x2 
 .bss.TimerListHead
                0x1ffff978        0x4 ./system/timer.o
 .bss.pgRes     0x1ffff97c        0x1 ./osal/osal_nv.o
 .bss.findPg    0x1ffff97d        0x1 ./osal/osal_nv.o
 .bss.pgLost    0x1ffff97e        0x4 ./osal/osal_nv.o
 .bss.pgOff     0x1ffff982        0x4 ./osal/osal_nv.o
 .bss.hal_taskID
                0x1ffff986        0x1 ./hal/hal_drivers.o
                0x1ffff986                hal_taskID
 *fill*         0x1ffff987        0x1 
 .bss.gpioBoard_saveKEY
                0x1ffff988        0x2 ./board/gpio-board.o
 *fill*         0x1ffff98a        0x2 
 .bss.Timer_totalTimeS
                0x1ffff98c        0x4 ./board/rtc-board.o
                0x1ffff98c                Timer_totalTimeS
 .bss.lptmrState
                0x1ffff990        0x8 ./board/rtc-board.o
                0x1ffff990                lptmrState
 .bss.Timer_currentInterval
                0x1ffff998        0x4 ./board/rtc-board.o
                0x1ffff998                Timer_currentInterval
 .bss.Timer_lastSetTimeout
                0x1ffff99c        0x4 ./board/rtc-board.o
                0x1ffff99c                Timer_lastSetTimeout
 .bss.Timer_totalTimeMS
                0x1ffff9a0        0x4 ./board/rtc-board.o
                0x1ffff9a0                Timer_totalTimeMS
 .bss.uart2Board_eventID
                0x1ffff9a4        0x2 ./board/uart-board.o
 *fill*         0x1ffff9a6        0x2 
 .bss.uartStatePtr
                0x1ffff9a8       0x54 ./board/uart-board.o
                0x1ffff9a8                uartStatePtr
 .bss.uart2RingBufferTx
                0x1ffff9fc       0xfe ./board/uart-board.o
 .bss.uartBoard_eventID
                0x1ffffafa        0x2 ./board/uart-board.o
 .bss.lpuartStatePtr
                0x1ffffafc       0x54 ./board/uart-board.o
 .bss.uartBoard_rxTimer
                0x1ffffb50       0x14 ./board/uart-board.o
 .bss.uartBoard_taskID
                0x1ffffb64        0x1 ./board/uart-board.o
 .bss.uart2Board_taskID
                0x1ffffb65        0x1 ./board/uart-board.o
 .bss.uartRingBufferRx
                0x1ffffb66       0xfe ./board/uart-board.o
 .bss.uart2Board_rxTimer
                0x1ffffc64       0x14 ./board/uart-board.o
 .bss.uart2RingBufferRx
                0x1ffffc78       0xfe ./board/uart-board.o
 .bss.uartRingBufferTx
                0x1ffffd76       0xfe ./board/uart-board.o
 .bss.NB_registered
                0x1ffffe74        0x1 ./ATProcessingFunc/AT_ProcessFunc.o
                0x1ffffe74                NB_registered
 .bss.AT_IMSI   0x1ffffe75        0xf ./ATProcessingFunc/AT_ProcessFunc.o
                0x1ffffe75                AT_IMSI
 .bss.AT_IP_PACKET
                0x1ffffe84       0x50 ./ATProcessingFunc/AT_ProcessFunc.o
                0x1ffffe84                AT_IP_PACKET
 .bss.error_cnt
                0x1ffffed4        0x1 ./ATProcessingFunc/AT_ProcessFunc.o
                0x1ffffed4                error_cnt
 .bss.dev_state
                0x1ffffed5        0x1 ./ATProcessingFunc/AT_ProcessFunc.o
                0x1ffffed5                dev_state
 .bss.AT_REGISTER_packet
                0x1ffffed6      0x100 ./ATProcessingFunc/AT_ProcessFunc.o
                0x1ffffed6                AT_REGISTER_packet
 .bss.search_cnt
                0x1fffffd6        0x2 ./ATProcessingFunc/AT_ProcessFunc.o
                0x1fffffd6                search_cnt
 .bss.AT_APN_PACKET
                0x1fffffd8       0x64 ./ATProcessingFunc/AT_ProcessFunc.o
                0x1fffffd8                AT_APN_PACKET
 .bss.AT_IMEI   0x2000003c        0xf ./ATProcessingFunc/AT_ProcessFunc.o
                0x2000003c                AT_IMEI
 .bss.UartInitFLAG
                0x2000004b        0x1 ./ATProcessingFunc/szconfig.o
                0x2000004b                UartInitFLAG
 .bss.start_cfg
                0x2000004c        0x1 ./ATProcessingFunc/szconfig.o
                0x2000004c                start_cfg
 .bss.UpdataConfig_PERIOD
                0x2000004d        0x1 ./ATProcessingFunc/szconfig.o
                0x2000004d                UpdataConfig_PERIOD
 .bss.CfgOutFlag
                0x2000004e        0x1 ./ATProcessingFunc/szconfig.o
                0x2000004e                CfgOutFlag
 .bss.gUserLoginPassFlag
                0x2000004f        0x1 ./ATProcessingFunc/szconfig.o
                0x2000004f                gUserLoginPassFlag
 .bss.CfgSave   0x20000050        0x1 ./ATProcessingFunc/szconfig.o
                0x20000050                CfgSave
 *fill*         0x20000051        0x3 
 .bss.tasksEvents
                0x20000054        0x4 ./osal_transparent.o
                0x20000054                tasksEvents
 .bss.tasksEventsIns
                0x20000058        0x6 ./osal_transparent.o
                0x20000058                tasksEventsIns
 .bss.appConcentrator_Uart2
                0x2000005e        0x1 ./transparent.o
                0x2000005e                appConcentrator_Uart2
 .bss.appConcentrator_TaskID
                0x2000005f        0x1 ./transparent.o
                0x2000005f                appConcentrator_TaskID
 .bss.gpio_enPower
                0x20000060       0x10 ./transparent.o
                0x20000060                gpio_enPower
 .bss.NextCMDdelay
                0x20000070       0x14 ./transparent.o
                0x20000070                NextCMDdelay
 .bss.led_cnt   0x20000084        0x1 ./transparent.o
                0x20000084                led_cnt
 *fill*         0x20000085        0x3 
 .bss.app_waitingconfig
                0x20000088       0x14 ./transparent.o
                0x20000088                app_waitingconfig
 .bss.gpio_ledRun
                0x2000009c       0x10 ./transparent.o
                0x2000009c                gpio_ledRun
 .bss.app_RecvTimeout
                0x200000ac       0x14 ./transparent.o
 .bss.app_nextcfg_msg
                0x200000c0       0x14 ./transparent.o
                0x200000c0                app_nextcfg_msg
 .bss.appConcentrator_Uart
                0x200000d4        0x1 ./transparent.o
                0x200000d4                appConcentrator_Uart
 *fill*         0x200000d5        0x3 
 .bss.Hearttime
                0x200000d8        0x4 ./transparent.o
                0x200000d8                Hearttime
 .bss.CCLKbeat  0x200000dc       0x14 ./transparent.o
                0x200000dc                CCLKbeat
 .bss.Heartbeat
                0x200000f0       0x14 ./transparent.o
                0x200000f0                Heartbeat
 .bss.app_wdgTimer
                0x20000104       0x14 ./transparent.o
 .bss.start_quary
                0x20000118        0x1 ./transparent.o
                0x20000118                start_quary
 .bss.hour_times
                0x20000119        0x1 ./transparent.o
                0x20000119                hour_times
 *fill*         0x2000011a        0x2 
 .bss.app_ledRunTimer
                0x2000011c       0x14 ./transparent.o
                0x2000011c                app_ledRunTimer
 .bss.Quary_device
                0x20000130       0x14 ./transparent.o
                0x20000130                Quary_device
 .bss.g_interruptDisableCount
                0x20000144        0x4 ../../lib/ksdk_platform_lib/kds/KL17Z644/release/libksdk_platform.a(fsl_interrupt_manager.o)
                0x20000144                g_interruptDisableCount
 .bss.g_uartStatePtr
                0x20000148        0xc ../../lib/ksdk_platform_lib/kds/KL17Z644/release/libksdk_platform.a(fsl_uart_common.o)
                0x20000148                g_uartStatePtr
 .bss.g_xtal0ClkFreq
                0x20000154        0x4 ../../lib/ksdk_platform_lib/kds/KL17Z644/release/libksdk_platform.a(fsl_mcglite_hal.o)
                0x20000154                g_xtal0ClkFreq
 .bss.g_xtalRtcClkFreq
                0x20000158        0x4 ../../lib/ksdk_platform_lib/kds/KL17Z644/release/libksdk_platform.a(fsl_mcglite_hal.o)
                0x20000158                g_xtalRtcClkFreq
 .bss.g_lpuartStatePtr
                0x2000015c        0x8 ../../lib/ksdk_platform_lib/kds/KL17Z644/release/libksdk_platform.a(fsl_lpuart_common.o)
                0x2000015c                g_lpuartStatePtr
 .bss.g_lptmrStatePtr
                0x20000164        0x4 ../../lib/ksdk_platform_lib/kds/KL17Z644/release/libksdk_platform.a(fsl_lptmr_common.o)
                0x20000164                g_lptmrStatePtr
 .bss.__malloc_sbrk_start
                0x20000168        0x4 c:/freescale/kds_v3/toolchain/bin/../lib/gcc/arm-none-eabi/4.8.4/../../../../arm-none-eabi/lib/armv6-m\libg_s.a(lib_a-nano-mallocr.o)
                0x20000168                __malloc_sbrk_start
 .bss.__malloc_free_list
                0x2000016c        0x4 c:/freescale/kds_v3/toolchain/bin/../lib/gcc/arm-none-eabi/4.8.4/../../../../arm-none-eabi/lib/armv6-m\libg_s.a(lib_a-nano-mallocr.o)
                0x2000016c                __malloc_free_list
 .bss.heap_end.4246
                0x20000170        0x4 c:/freescale/kds_v3/toolchain/bin/../lib/gcc/arm-none-eabi/4.8.4/../../../../arm-none-eabi/lib/armv6-m\libnosys.a(sbrk.o)
 *(COMMON)
 COMMON         0x20000174        0x4 c:/freescale/kds_v3/toolchain/bin/../lib/gcc/arm-none-eabi/4.8.4/../../../../arm-none-eabi/lib/armv6-m\libg_s.a(lib_a-reent.o)
                0x20000174                errno
                0x20000178                . = ALIGN (0x4)
                0x20000178                __bss_end__ = .
                0x20000178                __END_BSS = .

.heap           0x20000178      0x200 load address 0x0000786c
                0x20000178                . = ALIGN (0x8)
                0x20000178                __end__ = .
                0x20000178                PROVIDE (end, .)
                0x20000178                __HeapBase = .
                0x20000378                . = (. + HEAP_SIZE)
 *fill*         0x20000178      0x200 
                0x20000378                __HeapLimit = .

.stack          0x20000378      0x100 load address 0x00007a6c
                0x20000378                . = ALIGN (0x8)
                0x20000478                . = (. + STACK_SIZE)
 *fill*         0x20000378      0x100 
                0x20001800                __StackTop = (ORIGIN (m_data) + 0x2000)
                0x20001700                __StackLimit = (__StackTop - STACK_SIZE)
                0x20001800                PROVIDE (__stack, __StackTop)

.ARM.attributes
                0x00000000       0x28
 *(.ARM.attributes)
 .ARM.attributes
                0x00000000       0x1e c:/freescale/kds_v3/toolchain/bin/../lib/gcc/arm-none-eabi/4.8.4/armv6-m/crti.o
 .ARM.attributes
                0x0000001e       0x2c c:/freescale/kds_v3/toolchain/bin/../lib/gcc/arm-none-eabi/4.8.4/armv6-m/crtbegin.o
 .ARM.attributes
                0x0000004a       0x1b c:/freescale/kds_v3/toolchain/bin/../lib/gcc/arm-none-eabi/4.8.4/../../../../arm-none-eabi/lib/armv6-m/crt0.o
 .ARM.attributes
                0x00000065       0x32 ./utilities/RingBuf.o
 .ARM.attributes
                0x00000097       0x32 ./system/ZGlobals.o
 .ARM.attributes
                0x000000c9       0x32 ./system/delay.o
 .ARM.attributes
                0x000000fb       0x32 ./system/gpio.o
 .ARM.attributes
                0x0000012d       0x32 ./system/timer.o
 .ARM.attributes
                0x0000015f       0x32 ./system/uart.o
 .ARM.attributes
                0x00000191       0x32 ./startup/startup.o
 .ARM.attributes
                0x000001c3       0x1b ./startup/startup_MKL17Z644.o
 .ARM.attributes
                0x000001de       0x32 ./startup/system_MKL17Z644.o
 .ARM.attributes
                0x00000210       0x32 ./sources/main.o
 .ARM.attributes
                0x00000242       0x32 ./osal/osal.o
 .ARM.attributes
                0x00000274       0x32 ./osal/osal_nv.o
 .ARM.attributes
                0x000002a6       0x32 ./hal/hal_drivers.o
 .ARM.attributes
                0x000002d8       0x32 ./board/board.o
 .ARM.attributes
                0x0000030a       0x32 ./board/delay-board.o
 .ARM.attributes
                0x0000033c       0x32 ./board/flash-board.o
 .ARM.attributes
                0x0000036e       0x32 ./board/gpio-board.o
 .ARM.attributes
                0x000003a0       0x32 ./board/rtc-board.o
 .ARM.attributes
                0x000003d2       0x32 ./board/uart-board.o
 .ARM.attributes
                0x00000404       0x32 ./CRC/CRC.o
 .ARM.attributes
                0x00000436       0x32 ./ATProcessingFunc/AT_ProcessFunc.o
 .ARM.attributes
                0x00000468       0x32 ./ATProcessingFunc/szconfig.o
 .ARM.attributes
                0x0000049a       0x32 ./fsl_irq.o
 .ARM.attributes
                0x000004cc       0x32 ./osal_transparent.o
 .ARM.attributes
                0x000004fe       0x32 ./transparent.o
 .ARM.attributes
                0x00000530       0x32 ../../lib/ksdk_platform_lib/kds/KL17Z644/release/libksdk_platform.a(fsl_uart_hal.o)
 .ARM.attributes
                0x00000562       0x32 ../../lib/ksdk_platform_lib/kds/KL17Z644/release/libksdk_platform.a(fsl_uart_driver.o)
 .ARM.attributes
                0x00000594       0x32 ../../lib/ksdk_platform_lib/kds/KL17Z644/release/libksdk_platform.a(fsl_rcm_hal.o)
 .ARM.attributes
                0x000005c6       0x32 ../../lib/ksdk_platform_lib/kds/KL17Z644/release/libksdk_platform.a(fsl_lpuart_hal.o)
 .ARM.attributes
                0x000005f8       0x32 ../../lib/ksdk_platform_lib/kds/KL17Z644/release/libksdk_platform.a(fsl_lpuart_driver.o)
 .ARM.attributes
                0x0000062a       0x32 ../../lib/ksdk_platform_lib/kds/KL17Z644/release/libksdk_platform.a(fsl_lptmr_driver.o)
 .ARM.attributes
                0x0000065c       0x32 ../../lib/ksdk_platform_lib/kds/KL17Z644/release/libksdk_platform.a(fsl_interrupt_manager.o)
 .ARM.attributes
                0x0000068e       0x32 ../../lib/ksdk_platform_lib/kds/KL17Z644/release/libksdk_platform.a(fsl_gpio_common.o)
 .ARM.attributes
                0x000006c0       0x32 ../../lib/ksdk_platform_lib/kds/KL17Z644/release/libksdk_platform.a(fsl_gpio_driver.o)
 .ARM.attributes
                0x000006f2       0x32 ../../lib/ksdk_platform_lib/kds/KL17Z644/release/libksdk_platform.a(FlashCommandSequence.o)
 .ARM.attributes
                0x00000724       0x32 ../../lib/ksdk_platform_lib/kds/KL17Z644/release/libksdk_platform.a(FlashEraseSector.o)
 .ARM.attributes
                0x00000756       0x32 ../../lib/ksdk_platform_lib/kds/KL17Z644/release/libksdk_platform.a(FlashInit.o)
 .ARM.attributes
                0x00000788       0x32 ../../lib/ksdk_platform_lib/kds/KL17Z644/release/libksdk_platform.a(FlashProgram.o)
 .ARM.attributes
                0x000007ba       0x32 ../../lib/ksdk_platform_lib/kds/KL17Z644/release/libksdk_platform.a(fsl_cop_driver.o)
 .ARM.attributes
                0x000007ec       0x32 ../../lib/ksdk_platform_lib/kds/KL17Z644/release/libksdk_platform.a(fsl_clock_MKL17Z644.o)
 .ARM.attributes
                0x0000081e       0x32 ../../lib/ksdk_platform_lib/kds/KL17Z644/release/libksdk_platform.a(fsl_clock_manager.o)
 .ARM.attributes
                0x00000850       0x32 ../../lib/ksdk_platform_lib/kds/KL17Z644/release/libksdk_platform.a(fsl_clock_manager_common.o)
 .ARM.attributes
                0x00000882       0x32 ../../lib/ksdk_platform_lib/kds/KL17Z644/release/libksdk_platform.a(fsl_uart_common.o)
 .ARM.attributes
                0x000008b4       0x32 ../../lib/ksdk_platform_lib/kds/KL17Z644/release/libksdk_platform.a(fsl_sim_hal_MKL17Z644.o)
 .ARM.attributes
                0x000008e6       0x32 ../../lib/ksdk_platform_lib/kds/KL17Z644/release/libksdk_platform.a(fsl_osc_hal.o)
 .ARM.attributes
                0x00000918       0x32 ../../lib/ksdk_platform_lib/kds/KL17Z644/release/libksdk_platform.a(fsl_mcglite_hal.o)
 .ARM.attributes
                0x0000094a       0x32 ../../lib/ksdk_platform_lib/kds/KL17Z644/release/libksdk_platform.a(fsl_mcglite_hal_modes.o)
 .ARM.attributes
                0x0000097c       0x32 ../../lib/ksdk_platform_lib/kds/KL17Z644/release/libksdk_platform.a(fsl_lpuart_common.o)
 .ARM.attributes
                0x000009ae       0x32 ../../lib/ksdk_platform_lib/kds/KL17Z644/release/libksdk_platform.a(fsl_lptmr_hal.o)
 .ARM.attributes
                0x000009e0       0x32 ../../lib/ksdk_platform_lib/kds/KL17Z644/release/libksdk_platform.a(fsl_lptmr_common.o)
 .ARM.attributes
                0x00000a12       0x32 ../../lib/ksdk_platform_lib/kds/KL17Z644/release/libksdk_platform.a(fsl_gpio_hal.o)
 .ARM.attributes
                0x00000a44       0x32 ../../lib/ksdk_platform_lib/kds/KL17Z644/release/libksdk_platform.a(fsl_cop_hal.o)
 .ARM.attributes
                0x00000a76       0x32 ../../lib/ksdk_platform_lib/kds/KL17Z644/release/libksdk_platform.a(fsl_cop_common.o)
 .ARM.attributes
                0x00000aa8       0x2c c:/freescale/kds_v3/toolchain/bin/../lib/gcc/arm-none-eabi/4.8.4/../../../../arm-none-eabi/lib/armv6-m\libg_s.a(lib_a-atoi.o)
 .ARM.attributes
                0x00000ad4       0x2c c:/freescale/kds_v3/toolchain/bin/../lib/gcc/arm-none-eabi/4.8.4/../../../../arm-none-eabi/lib/armv6-m\libg_s.a(lib_a-exit.o)
 .ARM.attributes
                0x00000b00       0x2c c:/freescale/kds_v3/toolchain/bin/../lib/gcc/arm-none-eabi/4.8.4/../../../../arm-none-eabi/lib/armv6-m\libg_s.a(lib_a-impure.o)
 .ARM.attributes
                0x00000b2c       0x2c c:/freescale/kds_v3/toolchain/bin/../lib/gcc/arm-none-eabi/4.8.4/../../../../arm-none-eabi/lib/armv6-m\libg_s.a(lib_a-init.o)
 .ARM.attributes
                0x00000b58       0x2c c:/freescale/kds_v3/toolchain/bin/../lib/gcc/arm-none-eabi/4.8.4/../../../../arm-none-eabi/lib/armv6-m\libg_s.a(lib_a-malloc.o)
 .ARM.attributes
                0x00000b84       0x2c c:/freescale/kds_v3/toolchain/bin/../lib/gcc/arm-none-eabi/4.8.4/../../../../arm-none-eabi/lib/armv6-m\libg_s.a(lib_a-memcpy-stub.o)
 .ARM.attributes
                0x00000bb0       0x2c c:/freescale/kds_v3/toolchain/bin/../lib/gcc/arm-none-eabi/4.8.4/../../../../arm-none-eabi/lib/armv6-m\libg_s.a(lib_a-memset.o)
 .ARM.attributes
                0x00000bdc       0x2c c:/freescale/kds_v3/toolchain/bin/../lib/gcc/arm-none-eabi/4.8.4/../../../../arm-none-eabi/lib/armv6-m\libg_s.a(lib_a-nano-freer.o)
 .ARM.attributes
                0x00000c08       0x2c c:/freescale/kds_v3/toolchain/bin/../lib/gcc/arm-none-eabi/4.8.4/../../../../arm-none-eabi/lib/armv6-m\libg_s.a(lib_a-nano-mallocr.o)
 .ARM.attributes
                0x00000c34       0x2c c:/freescale/kds_v3/toolchain/bin/../lib/gcc/arm-none-eabi/4.8.4/../../../../arm-none-eabi/lib/armv6-m\libg_s.a(lib_a-sbrkr.o)
 .ARM.attributes
                0x00000c60       0x2c c:/freescale/kds_v3/toolchain/bin/../lib/gcc/arm-none-eabi/4.8.4/../../../../arm-none-eabi/lib/armv6-m\libg_s.a(lib_a-snprintf.o)
 .ARM.attributes
                0x00000c8c       0x2c c:/freescale/kds_v3/toolchain/bin/../lib/gcc/arm-none-eabi/4.8.4/../../../../arm-none-eabi/lib/armv6-m\libg_s.a(lib_a-sprintf.o)
 .ARM.attributes
                0x00000cb8       0x2c c:/freescale/kds_v3/toolchain/bin/../lib/gcc/arm-none-eabi/4.8.4/../../../../arm-none-eabi/lib/armv6-m\libg_s.a(lib_a-strcat.o)
 .ARM.attributes
                0x00000ce4       0x2c c:/freescale/kds_v3/toolchain/bin/../lib/gcc/arm-none-eabi/4.8.4/../../../../arm-none-eabi/lib/armv6-m\libg_s.a(lib_a-strcpy.o)
 .ARM.attributes
                0x00000d10       0x2c c:/freescale/kds_v3/toolchain/bin/../lib/gcc/arm-none-eabi/4.8.4/../../../../arm-none-eabi/lib/armv6-m\libg_s.a(lib_a-strlen.o)
 .ARM.attributes
                0x00000d3c       0x2c c:/freescale/kds_v3/toolchain/bin/../lib/gcc/arm-none-eabi/4.8.4/../../../../arm-none-eabi/lib/armv6-m\libg_s.a(lib_a-strncat.o)
 .ARM.attributes
                0x00000d68       0x2c c:/freescale/kds_v3/toolchain/bin/../lib/gcc/arm-none-eabi/4.8.4/../../../../arm-none-eabi/lib/armv6-m\libg_s.a(lib_a-strncpy.o)
 .ARM.attributes
                0x00000d94       0x2c c:/freescale/kds_v3/toolchain/bin/../lib/gcc/arm-none-eabi/4.8.4/../../../../arm-none-eabi/lib/armv6-m\libg_s.a(lib_a-strstr.o)
 .ARM.attributes
                0x00000dc0       0x2c c:/freescale/kds_v3/toolchain/bin/../lib/gcc/arm-none-eabi/4.8.4/../../../../arm-none-eabi/lib/armv6-m\libg_s.a(lib_a-strtok.o)
 .ARM.attributes
                0x00000dec       0x2c c:/freescale/kds_v3/toolchain/bin/../lib/gcc/arm-none-eabi/4.8.4/../../../../arm-none-eabi/lib/armv6-m\libg_s.a(lib_a-strtok_r.o)
 .ARM.attributes
                0x00000e18       0x2c c:/freescale/kds_v3/toolchain/bin/../lib/gcc/arm-none-eabi/4.8.4/../../../../arm-none-eabi/lib/armv6-m\libg_s.a(lib_a-strtol.o)
 .ARM.attributes
                0x00000e44       0x2c c:/freescale/kds_v3/toolchain/bin/../lib/gcc/arm-none-eabi/4.8.4/../../../../arm-none-eabi/lib/armv6-m\libg_s.a(lib_a-svfprintf.o)
 .ARM.attributes
                0x00000e70       0x2c c:/freescale/kds_v3/toolchain/bin/../lib/gcc/arm-none-eabi/4.8.4/../../../../arm-none-eabi/lib/armv6-m\libg_s.a(lib_a-vfprintf_i.o)
 .ARM.attributes
                0x00000e9c       0x2c c:/freescale/kds_v3/toolchain/bin/../lib/gcc/arm-none-eabi/4.8.4/../../../../arm-none-eabi/lib/armv6-m\libg_s.a(lib_a-ctype_.o)
 .ARM.attributes
                0x00000ec8       0x2c c:/freescale/kds_v3/toolchain/bin/../lib/gcc/arm-none-eabi/4.8.4/../../../../arm-none-eabi/lib/armv6-m\libg_s.a(lib_a-findfp.o)
 .ARM.attributes
                0x00000ef4       0x2c c:/freescale/kds_v3/toolchain/bin/../lib/gcc/arm-none-eabi/4.8.4/../../../../arm-none-eabi/lib/armv6-m\libg_s.a(lib_a-memchr-stub.o)
 .ARM.attributes
                0x00000f20       0x2c c:/freescale/kds_v3/toolchain/bin/../lib/gcc/arm-none-eabi/4.8.4/../../../../arm-none-eabi/lib/armv6-m\libg_s.a(lib_a-memmove.o)
 .ARM.attributes
                0x00000f4c       0x2c c:/freescale/kds_v3/toolchain/bin/../lib/gcc/arm-none-eabi/4.8.4/../../../../arm-none-eabi/lib/armv6-m\libg_s.a(lib_a-nano-reallocr.o)
 .ARM.attributes
                0x00000f78       0x2c c:/freescale/kds_v3/toolchain/bin/../lib/gcc/arm-none-eabi/4.8.4/../../../../arm-none-eabi/lib/armv6-m\libg_s.a(lib_a-reent.o)
 .ARM.attributes
                0x00000fa4       0x2c c:/freescale/kds_v3/toolchain/bin/../lib/gcc/arm-none-eabi/4.8.4/../../../../arm-none-eabi/lib/armv6-m\libg_s.a(lib_a-nano-msizer.o)
 .ARM.attributes
                0x00000fd0       0x1e c:/freescale/kds_v3/toolchain/bin/../lib/gcc/arm-none-eabi/4.8.4/armv6-m\libgcc.a(_thumb1_case_uqi.o)
 .ARM.attributes
                0x00000fee       0x1e c:/freescale/kds_v3/toolchain/bin/../lib/gcc/arm-none-eabi/4.8.4/armv6-m\libgcc.a(_thumb1_case_uhi.o)
 .ARM.attributes
                0x0000100c       0x1e c:/freescale/kds_v3/toolchain/bin/../lib/gcc/arm-none-eabi/4.8.4/armv6-m\libgcc.a(_udivsi3.o)
 .ARM.attributes
                0x0000102a       0x1e c:/freescale/kds_v3/toolchain/bin/../lib/gcc/arm-none-eabi/4.8.4/armv6-m\libgcc.a(_divsi3.o)
 .ARM.attributes
                0x00001048       0x1e c:/freescale/kds_v3/toolchain/bin/../lib/gcc/arm-none-eabi/4.8.4/armv6-m\libgcc.a(_dvmd_tls.o)
 .ARM.attributes
                0x00001066       0x1e c:/freescale/kds_v3/toolchain/bin/../lib/gcc/arm-none-eabi/4.8.4/armv6-m\libgcc.a(_aeabi_uldivmod.o)
 .ARM.attributes
                0x00001084       0x2c c:/freescale/kds_v3/toolchain/bin/../lib/gcc/arm-none-eabi/4.8.4/armv6-m\libgcc.a(_muldi3.o)
 .ARM.attributes
                0x000010b0       0x2c c:/freescale/kds_v3/toolchain/bin/../lib/gcc/arm-none-eabi/4.8.4/armv6-m\libgcc.a(bpabi.o)
 .ARM.attributes
                0x000010dc       0x2c c:/freescale/kds_v3/toolchain/bin/../lib/gcc/arm-none-eabi/4.8.4/armv6-m\libgcc.a(_divdi3.o)
 .ARM.attributes
                0x00001108       0x2c c:/freescale/kds_v3/toolchain/bin/../lib/gcc/arm-none-eabi/4.8.4/armv6-m\libgcc.a(_udivdi3.o)
 .ARM.attributes
                0x00001134       0x1e c:/freescale/kds_v3/toolchain/bin/../lib/gcc/arm-none-eabi/4.8.4/armv6-m\libgcc.a(_clzsi2.o)
 .ARM.attributes
                0x00001152       0x2c c:/freescale/kds_v3/toolchain/bin/../lib/gcc/arm-none-eabi/4.8.4/../../../../arm-none-eabi/lib/armv6-m\libnosys.a(sbrk.o)
 .ARM.attributes
                0x0000117e       0x2c c:/freescale/kds_v3/toolchain/bin/../lib/gcc/arm-none-eabi/4.8.4/../../../../arm-none-eabi/lib/armv6-m\libnosys.a(_exit.o)
 .ARM.attributes
                0x000011aa       0x2c c:/freescale/kds_v3/toolchain/bin/../lib/gcc/arm-none-eabi/4.8.4/armv6-m/crtend.o
 .ARM.attributes
                0x000011d6       0x1e c:/freescale/kds_v3/toolchain/bin/../lib/gcc/arm-none-eabi/4.8.4/armv6-m/crtn.o
                0x00000001                ASSERT ((__StackLimit >= __HeapLimit), region m_data overflowed with stack and heap)
OUTPUT(shuncom_project_MKL17Z32VFM4.elf elf32-littlearm)

.comment        0x00000000       0x70
 .comment       0x00000000       0x70 ./utilities/RingBuf.o
                                 0x71 (size before relaxing)
 .comment       0x00000000       0x71 ./system/ZGlobals.o
 .comment       0x00000000       0x71 ./system/delay.o
 .comment       0x00000000       0x71 ./system/gpio.o
 .comment       0x00000000       0x71 ./system/timer.o
 .comment       0x00000000       0x71 ./system/uart.o
 .comment       0x00000000       0x71 ./startup/startup.o
 .comment       0x00000000       0x71 ./startup/system_MKL17Z644.o
 .comment       0x00000000       0x71 ./sources/main.o
 .comment       0x00000000       0x71 ./osal/osal.o
 .comment       0x00000000       0x71 ./osal/osal_nv.o
 .comment       0x00000000       0x71 ./hal/hal_drivers.o
 .comment       0x00000000       0x71 ./board/board.o
 .comment       0x00000000       0x71 ./board/delay-board.o
 .comment       0x00000000       0x71 ./board/flash-board.o
 .comment       0x00000000       0x71 ./board/gpio-board.o
 .comment       0x00000000       0x71 ./board/rtc-board.o
 .comment       0x00000000       0x71 ./board/uart-board.o
 .comment       0x00000000       0x71 ./CRC/CRC.o
 .comment       0x00000000       0x71 ./ATProcessingFunc/AT_ProcessFunc.o
 .comment       0x00000000       0x71 ./ATProcessingFunc/szconfig.o
 .comment       0x00000000       0x71 ./fsl_irq.o
 .comment       0x00000000       0x71 ./osal_transparent.o
 .comment       0x00000000       0x71 ./transparent.o
 .comment       0x00000000       0x71 ../../lib/ksdk_platform_lib/kds/KL17Z644/release/libksdk_platform.a(fsl_uart_hal.o)
 .comment       0x00000000       0x71 ../../lib/ksdk_platform_lib/kds/KL17Z644/release/libksdk_platform.a(fsl_uart_driver.o)
 .comment       0x00000000       0x71 ../../lib/ksdk_platform_lib/kds/KL17Z644/release/libksdk_platform.a(fsl_rcm_hal.o)
 .comment       0x00000000       0x71 ../../lib/ksdk_platform_lib/kds/KL17Z644/release/libksdk_platform.a(fsl_lpuart_hal.o)